2025-11-02T01:29:47.0533370Z Current runner version: '2.329.0'
2025-11-02T01:29:47.0565220Z ##[group]Runner Image Provisioner
2025-11-02T01:29:47.0566170Z Hosted Compute Agent
2025-11-02T01:29:47.0566750Z Version: 20251016.436
2025-11-02T01:29:47.0567550Z Commit: 8ab8ac8bfd662a3739dab9fe09456aba92132568
2025-11-02T01:29:47.0568400Z Build Date: 2025-10-15T20:44:12Z
2025-11-02T01:29:47.0569060Z ##[endgroup]
2025-11-02T01:29:47.0569700Z ##[group]Operating System
2025-11-02T01:29:47.0570380Z macOS
2025-11-02T01:29:47.0570890Z 13.7.6
2025-11-02T01:29:47.0571390Z 22H625
2025-11-02T01:29:47.0571890Z ##[endgroup]
2025-11-02T01:29:47.0572580Z ##[group]Runner Image
2025-11-02T01:29:47.0573490Z Image: macos-13
2025-11-02T01:29:47.0574150Z Version: 20250908.1476
2025-11-02T01:29:47.0575660Z Included Software: https://github.com/actions/runner-images/blob/macos-13/20250908.1476/images/macos/macos-13-Readme.md
2025-11-02T01:29:47.0578400Z Image Release: https://github.com/actions/runner-images/releases/tag/macos-13%2F20250908.1476
2025-11-02T01:29:47.0580280Z ##[endgroup]
2025-11-02T01:29:47.0582570Z ##[group]GITHUB_TOKEN Permissions
2025-11-02T01:29:47.0586180Z Contents: read
2025-11-02T01:29:47.0587030Z Metadata: read
2025-11-02T01:29:47.0587870Z Packages: read
2025-11-02T01:29:47.0588700Z ##[endgroup]
2025-11-02T01:29:47.0593100Z Secret source: Actions
2025-11-02T01:29:47.0594360Z Prepare workflow directory
2025-11-02T01:29:47.1234310Z Prepare all required actions
2025-11-02T01:29:47.1317950Z Getting action download info
2025-11-02T01:29:47.6430020Z Download action repository 'actions/checkout@v4' (SHA:08eba0b27e820071cde6df949e0beb9ba4906955)
2025-11-02T01:29:47.8776560Z Download action repository 'actions/upload-artifact@v4' (SHA:ea165f8d65b6e75b540449e92b4886f43607fa02)
2025-11-02T01:29:48.2244320Z Complete job name: Build AI Notizassistent
2025-11-02T01:29:48.3265470Z ##[group]Run actions/checkout@v4
2025-11-02T01:29:48.3266760Z with:
2025-11-02T01:29:48.3267320Z   repository: Feuer804/ainotizassistent
2025-11-02T01:29:48.3268310Z   token: ***
2025-11-02T01:29:48.3268870Z   ssh-strict: true
2025-11-02T01:29:48.3269400Z   ssh-user: git
2025-11-02T01:29:48.3269960Z   persist-credentials: true
2025-11-02T01:29:48.3270570Z   clean: true
2025-11-02T01:29:48.3271120Z   sparse-checkout-cone-mode: true
2025-11-02T01:29:48.3271790Z   fetch-depth: 1
2025-11-02T01:29:48.3272330Z   fetch-tags: false
2025-11-02T01:29:48.3272880Z   show-progress: true
2025-11-02T01:29:48.3273450Z   lfs: false
2025-11-02T01:29:48.3273960Z   submodules: false
2025-11-02T01:29:48.3274530Z   set-safe-directory: true
2025-11-02T01:29:48.3275590Z ##[endgroup]
2025-11-02T01:29:48.6470100Z Syncing repository: Feuer804/ainotizassistent
2025-11-02T01:29:48.6474870Z ##[group]Getting Git version info
2025-11-02T01:29:48.6477010Z Working directory is '/Users/runner/work/ainotizassistent/ainotizassistent'
2025-11-02T01:29:48.6479540Z [command]/usr/local/bin/git version
2025-11-02T01:29:48.6659870Z git version 2.50.1
2025-11-02T01:29:48.6699700Z ##[endgroup]
2025-11-02T01:29:48.6718750Z Copying '/Users/runner/.gitconfig' to '/Users/runner/work/_temp/b8f24db6-7868-4c7c-ab52-e6ad197823de/.gitconfig'
2025-11-02T01:29:48.6743520Z Temporarily overriding HOME='/Users/runner/work/_temp/b8f24db6-7868-4c7c-ab52-e6ad197823de' before making global git config changes
2025-11-02T01:29:48.6747500Z Adding repository directory to the temporary git global config as a safe directory
2025-11-02T01:29:48.6768930Z [command]/usr/local/bin/git config --global --add safe.directory /Users/runner/work/ainotizassistent/ainotizassistent
2025-11-02T01:29:48.6902910Z Deleting the contents of '/Users/runner/work/ainotizassistent/ainotizassistent'
2025-11-02T01:29:48.6910020Z ##[group]Initializing the repository
2025-11-02T01:29:48.6918590Z [command]/usr/local/bin/git init /Users/runner/work/ainotizassistent/ainotizassistent
2025-11-02T01:29:48.7210130Z hint: Using 'master' as the name for the initial branch. This default branch name
2025-11-02T01:29:48.7214940Z hint: is subject to change. To configure the initial branch name to use in all
2025-11-02T01:29:48.7219770Z hint: of your new repositories, which will suppress this warning, call:
2025-11-02T01:29:48.7222980Z hint:
2025-11-02T01:29:48.7224810Z hint: 	git config --global init.defaultBranch <name>
2025-11-02T01:29:48.7226370Z hint:
2025-11-02T01:29:48.7227930Z hint: Names commonly chosen instead of 'master' are 'main', 'trunk' and
2025-11-02T01:29:48.7230450Z hint: 'development'. The just-created branch can be renamed via this command:
2025-11-02T01:29:48.7232240Z hint:
2025-11-02T01:29:48.7233360Z hint: 	git branch -m <name>
2025-11-02T01:29:48.7234460Z hint:
2025-11-02T01:29:48.7236080Z hint: Disable this message with "git config set advice.defaultBranchName false"
2025-11-02T01:29:48.7238900Z Initialized empty Git repository in /Users/runner/work/ainotizassistent/ainotizassistent/.git/
2025-11-02T01:29:48.7242960Z [command]/usr/local/bin/git remote add origin https://github.com/Feuer804/ainotizassistent
2025-11-02T01:29:48.7385230Z ##[endgroup]
2025-11-02T01:29:48.7387390Z ##[group]Disabling automatic garbage collection
2025-11-02T01:29:48.7390350Z [command]/usr/local/bin/git config --local gc.auto 0
2025-11-02T01:29:48.7502740Z ##[endgroup]
2025-11-02T01:29:48.7504450Z ##[group]Setting up auth
2025-11-02T01:29:48.7516210Z [command]/usr/local/bin/git config --local --name-only --get-regexp core\.sshCommand
2025-11-02T01:29:48.7655500Z [command]/usr/local/bin/git submodule foreach --recursive sh -c "git config --local --name-only --get-regexp 'core\.sshCommand' && git config --local --unset-all 'core.sshCommand' || :"
2025-11-02T01:29:48.9173820Z [command]/usr/local/bin/git config --local --name-only --get-regexp http\.https\:\/\/github\.com\/\.extraheader
2025-11-02T01:29:48.9279700Z [command]/usr/local/bin/git submodule foreach --recursive sh -c "git config --local --name-only --get-regexp 'http\.https\:\/\/github\.com\/\.extraheader' && git config --local --unset-all 'http.https://github.com/.extraheader' || :"
2025-11-02T01:29:49.0576620Z [command]/usr/local/bin/git config --local http.https://github.com/.extraheader AUTHORIZATION: basic ***
2025-11-02T01:29:49.0723460Z ##[endgroup]
2025-11-02T01:29:49.0726080Z ##[group]Fetching the repository
2025-11-02T01:29:49.0748750Z [command]/usr/local/bin/git -c protocol.version=2 fetch --no-tags --prune --no-recurse-submodules --depth=1 origin +3da221129633ec1a504446fae7b5cb1ffc7f9718:refs/remotes/origin/main
2025-11-02T01:29:49.6381260Z From https://github.com/Feuer804/ainotizassistent
2025-11-02T01:29:49.6385400Z  * [new ref]         3da221129633ec1a504446fae7b5cb1ffc7f9718 -> origin/main
2025-11-02T01:29:49.6508980Z ##[endgroup]
2025-11-02T01:29:49.6511720Z ##[group]Determining the checkout info
2025-11-02T01:29:49.6515080Z ##[endgroup]
2025-11-02T01:29:49.6517040Z [command]/usr/local/bin/git sparse-checkout disable
2025-11-02T01:29:49.6656590Z [command]/usr/local/bin/git config --local --unset-all extensions.worktreeConfig
2025-11-02T01:29:49.6756880Z ##[group]Checking out the ref
2025-11-02T01:29:49.6761840Z [command]/usr/local/bin/git checkout --progress --force -B main refs/remotes/origin/main
2025-11-02T01:29:49.8448460Z Switched to a new branch 'main'
2025-11-02T01:29:49.8463140Z branch 'main' set up to track 'origin/main'.
2025-11-02T01:29:49.8473360Z ##[endgroup]
2025-11-02T01:29:49.8632090Z [command]/usr/local/bin/git log -1 --format=%H
2025-11-02T01:29:49.8738990Z 3da221129633ec1a504446fae7b5cb1ffc7f9718
2025-11-02T01:29:49.9117340Z ##[group]Run sudo xcode-select -s /Applications/Xcode_15.0.app/Contents/Developer
2025-11-02T01:29:49.9121140Z [36;1msudo xcode-select -s /Applications/Xcode_15.0.app/Contents/Developer[0m
2025-11-02T01:29:49.9123890Z [36;1mxcodebuild -version[0m
2025-11-02T01:29:49.9274450Z shell: /bin/bash -e {0}
2025-11-02T01:29:49.9276070Z ##[endgroup]
2025-11-02T01:29:56.2316260Z Xcode 15.0.1
2025-11-02T01:29:56.2377920Z Build version 15A507
2025-11-02T01:29:56.2768750Z ##[group]Run cd AINotizassistent
2025-11-02T01:29:56.2771320Z [36;1mcd AINotizassistent[0m
2025-11-02T01:29:56.2772810Z [36;1mecho "=== PROJECT INFORMATION ==="[0m
2025-11-02T01:29:56.2777580Z [36;1mxcodebuild -list -project AINotizassistent.xcodeproj[0m
2025-11-02T01:29:56.3117280Z shell: /bin/bash -e {0}
2025-11-02T01:29:56.3118100Z ##[endgroup]
2025-11-02T01:29:56.3643360Z === PROJECT INFORMATION ===
2025-11-02T01:29:58.2296290Z Command line invocation:
2025-11-02T01:29:58.2320790Z     /Applications/Xcode_15.0.1.app/Contents/Developer/usr/bin/xcodebuild -list -project AINotizassistent.xcodeproj
2025-11-02T01:29:58.2500840Z 
2025-11-02T01:29:58.2599440Z User defaults from command line:
2025-11-02T01:29:58.2621880Z     IDEPackageSupportUseBuiltinSCM = YES
2025-11-02T01:29:58.2653120Z 
2025-11-02T01:30:03.5849590Z Information about project "AINotizassistent":
2025-11-02T01:30:03.5854880Z     Targets:
2025-11-02T01:30:03.5875120Z         AINotizassistent
2025-11-02T01:30:03.5878670Z 
2025-11-02T01:30:03.5922160Z     Build Configurations:
2025-11-02T01:30:03.5934780Z         Debug
2025-11-02T01:30:03.6035550Z         Release
2025-11-02T01:30:03.6051160Z 
2025-11-02T01:30:03.6056390Z     If no build configuration is specified and -scheme is not passed then "Release" is used.
2025-11-02T01:30:03.6063570Z 
2025-11-02T01:30:03.6064890Z     Schemes:
2025-11-02T01:30:03.6066640Z         AINotizassistent
2025-11-02T01:30:03.6068160Z 
2025-11-02T01:30:03.6279690Z ##[group]Run cd AINotizassistent
2025-11-02T01:30:03.6280630Z [36;1mcd AINotizassistent[0m
2025-11-02T01:30:03.6282210Z [36;1mxcodebuild clean -project AINotizassistent.xcodeproj -scheme AINotizassistent[0m
2025-11-02T01:30:03.6453310Z shell: /bin/bash -e {0}
2025-11-02T01:30:03.6453890Z ##[endgroup]
2025-11-02T01:30:04.9168380Z Command line invocation:
2025-11-02T01:30:04.9174750Z     /Applications/Xcode_15.0.1.app/Contents/Developer/usr/bin/xcodebuild clean -project AINotizassistent.xcodeproj -scheme AINotizassistent
2025-11-02T01:30:04.9177020Z 
2025-11-02T01:30:04.9177380Z User defaults from command line:
2025-11-02T01:30:04.9178190Z     IDEPackageSupportUseBuiltinSCM = YES
2025-11-02T01:30:04.9178850Z 
2025-11-02T01:30:05.2912790Z --- xcodebuild: WARNING: Using the first of multiple matching destinations:
2025-11-02T01:30:05.2914340Z { platform:macOS, arch:x86_64, id:4203018E-580F-C1B5-9525-B745CECA79EB }
2025-11-02T01:30:05.2915290Z { platform:macOS, name:Any Mac }
2025-11-02T01:30:06.2604980Z 
2025-11-02T01:30:06.2677100Z ** CLEAN SUCCEEDED **
2025-11-02T01:30:06.2730050Z 
2025-11-02T01:30:06.2921660Z ##[group]Run cd AINotizassistent
2025-11-02T01:30:06.2922370Z [36;1mcd AINotizassistent[0m
2025-11-02T01:30:06.2922860Z [36;1mxcodebuild build \[0m
2025-11-02T01:30:06.2923580Z [36;1m  -project AINotizassistent.xcodeproj \[0m
2025-11-02T01:30:06.2924750Z [36;1m  -scheme AINotizassistent \[0m
2025-11-02T01:30:06.2925280Z [36;1m  -configuration Release \[0m
2025-11-02T01:30:06.2925830Z [36;1m  -derivedDataPath ./DerivedData \[0m
2025-11-02T01:30:06.2926350Z [36;1m  CODE_SIGN_IDENTITY="" \[0m
2025-11-02T01:30:06.2927550Z [36;1m  CODE_SIGNING_REQUIRED=NO \[0m
2025-11-02T01:30:06.2928990Z [36;1m  CODE_SIGNING_ALLOWED=NO[0m
2025-11-02T01:30:06.3124800Z shell: /bin/bash -e {0}
2025-11-02T01:30:06.3125280Z ##[endgroup]
2025-11-02T01:30:08.2796630Z Command line invocation:
2025-11-02T01:30:08.3098770Z     /Applications/Xcode_15.0.1.app/Contents/Developer/usr/bin/xcodebuild build -project AINotizassistent.xcodeproj -scheme AINotizassistent -configuration Release -derivedDataPath ./DerivedData CODE_SIGN_IDENTITY= CODE_SIGNING_REQUIRED=NO CODE_SIGNING_ALLOWED=NO
2025-11-02T01:30:08.3160640Z 
2025-11-02T01:30:08.3180560Z User defaults from command line:
2025-11-02T01:30:08.3182510Z     IDEDerivedDataPathOverride = /Users/runner/work/ainotizassistent/ainotizassistent/AINotizassistent/DerivedData
2025-11-02T01:30:08.3184490Z     IDEPackageSupportUseBuiltinSCM = YES
2025-11-02T01:30:08.3185720Z 
2025-11-02T01:30:08.3201230Z Build settings from command line:
2025-11-02T01:30:08.3207610Z     CODE_SIGN_IDENTITY = 
2025-11-02T01:30:08.3237660Z     CODE_SIGNING_ALLOWED = NO
2025-11-02T01:30:08.3244220Z     CODE_SIGNING_REQUIRED = NO
2025-11-02T01:30:08.3244670Z 
2025-11-02T01:30:08.5866580Z --- xcodebuild: WARNING: Using the first of multiple matching destinations:
2025-11-02T01:30:08.5867920Z { platform:macOS, arch:x86_64, id:4203018E-580F-C1B5-9525-B745CECA79EB }
2025-11-02T01:30:08.5868760Z { platform:macOS, name:Any Mac }
2025-11-02T01:30:08.6356250Z Prepare packages
2025-11-02T01:30:08.6356570Z 
2025-11-02T01:30:08.6744970Z note: Using codesigning identity override: 
2025-11-02T01:30:09.3226340Z ComputeTargetDependencyGraph
2025-11-02T01:30:09.5223390Z note: Building targets in dependency order
2025-11-02T01:30:09.5345210Z note: Target dependency graph (1 target)
2025-11-02T01:30:09.5356730Z     Target 'AINotizassistent' in project 'AINotizassistent' (no dependencies)
2025-11-02T01:30:09.5426940Z 
2025-11-02T01:30:09.5429440Z GatherProvisioningInputs
2025-11-02T01:30:09.5431170Z 
2025-11-02T01:30:09.5434150Z CreateBuildDescription
2025-11-02T01:30:17.0196870Z Build description signature: 77ab5840f27dd5f6882eb7e22ab6d385
2025-11-02T01:30:17.0201150Z Build description path: /Users/runner/work/ainotizassistent/ainotizassistent/AINotizassistent/DerivedData/Build/Intermediates.noindex/XCBuildData/77ab5840f27dd5f6882eb7e22ab6d385.xcbuilddata
2025-11-02T01:30:17.0207930Z 
2025-11-02T01:30:17.0532640Z CreateBuildDirectory /Users/runner/work/ainotizassistent/ainotizassistent/AINotizassistent/DerivedData/Build/Products
2025-11-02T01:30:17.0543310Z     cd /Users/runner/work/ainotizassistent/ainotizassistent/AINotizassistent/AINotizassistent.xcodeproj
2025-11-02T01:30:17.0552530Z     builtin-create-build-directory /Users/runner/work/ainotizassistent/ainotizassistent/AINotizassistent/DerivedData/Build/Products
2025-11-02T01:30:17.0599840Z 
2025-11-02T01:30:17.0608250Z ClangStatCache /Applications/Xcode_15.0.1.app/Contents/Developer/Toolchains/XcodeDefault.xctoolchain/usr/bin/clang-stat-cache /Applications/Xcode_15.0.1.app/Contents/Developer/Platforms/MacOSX.platform/Developer/SDKs/MacOSX14.0.sdk /Users/runner/work/ainotizassistent/ainotizassistent/AINotizassistent/DerivedData/SDKStatCaches.noindex/macosx14.0-23A334-f3d4ef09583a4130ba186d8a5c250973.sdkstatcache
2025-11-02T01:30:17.0624800Z     cd /Users/runner/work/ainotizassistent/ainotizassistent/AINotizassistent/AINotizassistent.xcodeproj
2025-11-02T01:30:17.0656470Z     /Applications/Xcode_15.0.1.app/Contents/Developer/Toolchains/XcodeDefault.xctoolchain/usr/bin/clang-stat-cache /Applications/Xcode_15.0.1.app/Contents/Developer/Platforms/MacOSX.platform/Developer/SDKs/MacOSX14.0.sdk -o /Users/runner/work/ainotizassistent/ainotizassistent/AINotizassistent/DerivedData/SDKStatCaches.noindex/macosx14.0-23A334-f3d4ef09583a4130ba186d8a5c250973.sdkstatcache
2025-11-02T01:30:27.2996640Z 
2025-11-02T01:30:27.3039020Z CreateBuildDirectory /Users/runner/work/ainotizassistent/ainotizassistent/AINotizassistent/DerivedData/Build/Intermediates.noindex
2025-11-02T01:30:27.3041100Z     cd /Users/runner/work/ainotizassistent/ainotizassistent/AINotizassistent/AINotizassistent.xcodeproj
2025-11-02T01:30:27.3057830Z     builtin-create-build-directory /Users/runner/work/ainotizassistent/ainotizassistent/AINotizassistent/DerivedData/Build/Intermediates.noindex
2025-11-02T01:30:27.3115010Z 
2025-11-02T01:30:27.3116590Z CreateBuildDirectory /Users/runner/work/ainotizassistent/ainotizassistent/AINotizassistent/DerivedData/Build/Products/Release
2025-11-02T01:30:27.3122150Z     cd /Users/runner/work/ainotizassistent/ainotizassistent/AINotizassistent/AINotizassistent.xcodeproj
2025-11-02T01:30:27.3125070Z     builtin-create-build-directory /Users/runner/work/ainotizassistent/ainotizassistent/AINotizassistent/DerivedData/Build/Products/Release
2025-11-02T01:30:27.3127790Z 
2025-11-02T01:30:27.3129320Z CreateBuildDirectory /Users/runner/work/ainotizassistent/ainotizassistent/AINotizassistent/DerivedData/Build/Intermediates.noindex/EagerLinkingTBDs/Release
2025-11-02T01:30:27.3131820Z     cd /Users/runner/work/ainotizassistent/ainotizassistent/AINotizassistent/AINotizassistent.xcodeproj
2025-11-02T01:30:27.3135410Z     builtin-create-build-directory /Users/runner/work/ainotizassistent/ainotizassistent/AINotizassistent/DerivedData/Build/Intermediates.noindex/EagerLinkingTBDs/Release
2025-11-02T01:30:27.3137290Z 
2025-11-02T01:30:27.3139640Z MkDir /Users/runner/work/ainotizassistent/ainotizassistent/AINotizassistent/DerivedData/Build/Products/Release/AINotizassistent.app (in target 'AINotizassistent' from project 'AINotizassistent')
2025-11-02T01:30:27.3143200Z     cd /Users/runner/work/ainotizassistent/ainotizassistent/AINotizassistent
2025-11-02T01:30:27.3146770Z     /bin/mkdir -p /Users/runner/work/ainotizassistent/ainotizassistent/AINotizassistent/DerivedData/Build/Products/Release/AINotizassistent.app
2025-11-02T01:30:27.3149870Z 
2025-11-02T01:30:27.3176430Z MkDir /Users/runner/work/ainotizassistent/ainotizassistent/AINotizassistent/DerivedData/Build/Products/Release/AINotizassistent.app/Contents (in target 'AINotizassistent' from project 'AINotizassistent')
2025-11-02T01:30:27.3185990Z     cd /Users/runner/work/ainotizassistent/ainotizassistent/AINotizassistent
2025-11-02T01:30:27.3189230Z     /bin/mkdir -p /Users/runner/work/ainotizassistent/ainotizassistent/AINotizassistent/DerivedData/Build/Products/Release/AINotizassistent.app/Contents
2025-11-02T01:30:27.3197030Z 
2025-11-02T01:30:27.3222250Z MkDir /Users/runner/work/ainotizassistent/ainotizassistent/AINotizassistent/DerivedData/Build/Products/Release/AINotizassistent.app/Contents/MacOS (in target 'AINotizassistent' from project 'AINotizassistent')
2025-11-02T01:30:27.3226730Z     cd /Users/runner/work/ainotizassistent/ainotizassistent/AINotizassistent
2025-11-02T01:30:27.3258360Z     /bin/mkdir -p /Users/runner/work/ainotizassistent/ainotizassistent/AINotizassistent/DerivedData/Build/Products/Release/AINotizassistent.app/Contents/MacOS
2025-11-02T01:30:27.3261790Z 
2025-11-02T01:30:27.3275730Z WriteAuxiliaryFile /Users/runner/work/ainotizassistent/ainotizassistent/AINotizassistent/DerivedData/Build/Intermediates.noindex/AINotizassistent.build/Release/AINotizassistent.build/all-product-headers.yaml (in target 'AINotizassistent' from project 'AINotizassistent')
2025-11-02T01:30:27.3301810Z     cd /Users/runner/work/ainotizassistent/ainotizassistent/AINotizassistent
2025-11-02T01:30:27.3341150Z     write-file /Users/runner/work/ainotizassistent/ainotizassistent/AINotizassistent/DerivedData/Build/Intermediates.noindex/AINotizassistent.build/Release/AINotizassistent.build/all-product-headers.yaml
2025-11-02T01:30:27.3360640Z 
2025-11-02T01:30:27.3363430Z WriteAuxiliaryFile /Users/runner/work/ainotizassistent/ainotizassistent/AINotizassistent/DerivedData/Build/Intermediates.noindex/AINotizassistent.build/Release/AINotizassistent.build/AINotizassistent-project-headers.hmap (in target 'AINotizassistent' from project 'AINotizassistent')
2025-11-02T01:30:27.3381250Z     cd /Users/runner/work/ainotizassistent/ainotizassistent/AINotizassistent
2025-11-02T01:30:27.3397460Z     write-file /Users/runner/work/ainotizassistent/ainotizassistent/AINotizassistent/DerivedData/Build/Intermediates.noindex/AINotizassistent.build/Release/AINotizassistent.build/AINotizassistent-project-headers.hmap
2025-11-02T01:30:27.3413490Z 
2025-11-02T01:30:27.3416550Z WriteAuxiliaryFile /Users/runner/work/ainotizassistent/ainotizassistent/AINotizassistent/DerivedData/Build/Intermediates.noindex/AINotizassistent.build/Release/AINotizassistent.build/AINotizassistent.hmap (in target 'AINotizassistent' from project 'AINotizassistent')
2025-11-02T01:30:27.3435100Z     cd /Users/runner/work/ainotizassistent/ainotizassistent/AINotizassistent
2025-11-02T01:30:27.3453920Z     write-file /Users/runner/work/ainotizassistent/ainotizassistent/AINotizassistent/DerivedData/Build/Intermediates.noindex/AINotizassistent.build/Release/AINotizassistent.build/AINotizassistent.hmap
2025-11-02T01:30:27.3458020Z 
2025-11-02T01:30:27.3472740Z WriteAuxiliaryFile /Users/runner/work/ainotizassistent/ainotizassistent/AINotizassistent/DerivedData/Build/Intermediates.noindex/AINotizassistent.build/Release/AINotizassistent.build/AINotizassistent-own-target-headers.hmap (in target 'AINotizassistent' from project 'AINotizassistent')
2025-11-02T01:30:27.3492320Z     cd /Users/runner/work/ainotizassistent/ainotizassistent/AINotizassistent
2025-11-02T01:30:27.3500120Z     write-file /Users/runner/work/ainotizassistent/ainotizassistent/AINotizassistent/DerivedData/Build/Intermediates.noindex/AINotizassistent.build/Release/AINotizassistent.build/AINotizassistent-own-target-headers.hmap
2025-11-02T01:30:27.3512290Z 
2025-11-02T01:30:27.3521640Z WriteAuxiliaryFile /Users/runner/work/ainotizassistent/ainotizassistent/AINotizassistent/DerivedData/Build/Intermediates.noindex/AINotizassistent.build/Release/AINotizassistent.build/AINotizassistent-generated-files.hmap (in target 'AINotizassistent' from project 'AINotizassistent')
2025-11-02T01:30:27.3530810Z     cd /Users/runner/work/ainotizassistent/ainotizassistent/AINotizassistent
2025-11-02T01:30:27.3538290Z     write-file /Users/runner/work/ainotizassistent/ainotizassistent/AINotizassistent/DerivedData/Build/Intermediates.noindex/AINotizassistent.build/Release/AINotizassistent.build/AINotizassistent-generated-files.hmap
2025-11-02T01:30:27.3542720Z 
2025-11-02T01:30:27.3549410Z WriteAuxiliaryFile /Users/runner/work/ainotizassistent/ainotizassistent/AINotizassistent/DerivedData/Build/Intermediates.noindex/AINotizassistent.build/Release/AINotizassistent.build/AINotizassistent-all-target-headers.hmap (in target 'AINotizassistent' from project 'AINotizassistent')
2025-11-02T01:30:27.3554940Z     cd /Users/runner/work/ainotizassistent/ainotizassistent/AINotizassistent
2025-11-02T01:30:27.3561210Z     write-file /Users/runner/work/ainotizassistent/ainotizassistent/AINotizassistent/DerivedData/Build/Intermediates.noindex/AINotizassistent.build/Release/AINotizassistent.build/AINotizassistent-all-target-headers.hmap
2025-11-02T01:30:27.3572370Z 
2025-11-02T01:30:27.3578260Z WriteAuxiliaryFile /Users/runner/work/ainotizassistent/ainotizassistent/AINotizassistent/DerivedData/Build/Intermediates.noindex/AINotizassistent.build/Release/AINotizassistent.build/AINotizassistent-all-non-framework-target-headers.hmap (in target 'AINotizassistent' from project 'AINotizassistent')
2025-11-02T01:30:27.3583930Z     cd /Users/runner/work/ainotizassistent/ainotizassistent/AINotizassistent
2025-11-02T01:30:27.3604540Z     write-file /Users/runner/work/ainotizassistent/ainotizassistent/AINotizassistent/DerivedData/Build/Intermediates.noindex/AINotizassistent.build/Release/AINotizassistent.build/AINotizassistent-all-non-framework-target-headers.hmap
2025-11-02T01:30:27.3619680Z 
2025-11-02T01:30:27.3624830Z WriteAuxiliaryFile /Users/runner/work/ainotizassistent/ainotizassistent/AINotizassistent/DerivedData/Build/Intermediates.noindex/AINotizassistent.build/Release/AINotizassistent.build/Objects-normal/x86_64/AINotizassistent.LinkFileList (in target 'AINotizassistent' from project 'AINotizassistent')
2025-11-02T01:30:27.3639720Z     cd /Users/runner/work/ainotizassistent/ainotizassistent/AINotizassistent
2025-11-02T01:30:27.3661410Z     write-file /Users/runner/work/ainotizassistent/ainotizassistent/AINotizassistent/DerivedData/Build/Intermediates.noindex/AINotizassistent.build/Release/AINotizassistent.build/Objects-normal/x86_64/AINotizassistent.LinkFileList
2025-11-02T01:30:27.3674410Z 
2025-11-02T01:30:27.3683220Z WriteAuxiliaryFile /Users/runner/work/ainotizassistent/ainotizassistent/AINotizassistent/DerivedData/Build/Intermediates.noindex/AINotizassistent.build/Release/AINotizassistent.build/Objects-normal/arm64/AINotizassistent.LinkFileList (in target 'AINotizassistent' from project 'AINotizassistent')
2025-11-02T01:30:27.3692920Z     cd /Users/runner/work/ainotizassistent/ainotizassistent/AINotizassistent
2025-11-02T01:30:27.3696720Z     write-file /Users/runner/work/ainotizassistent/ainotizassistent/AINotizassistent/DerivedData/Build/Intermediates.noindex/AINotizassistent.build/Release/AINotizassistent.build/Objects-normal/arm64/AINotizassistent.LinkFileList
2025-11-02T01:30:27.3699720Z 
2025-11-02T01:30:27.3702950Z WriteAuxiliaryFile /Users/runner/work/ainotizassistent/ainotizassistent/AINotizassistent/DerivedData/Build/Intermediates.noindex/AINotizassistent.build/Release/AINotizassistent.build/empty-AINotizassistent.plist (in target 'AINotizassistent' from project 'AINotizassistent')
2025-11-02T01:30:27.3716340Z     cd /Users/runner/work/ainotizassistent/ainotizassistent/AINotizassistent
2025-11-02T01:30:27.3764880Z     write-file /Users/runner/work/ainotizassistent/ainotizassistent/AINotizassistent/DerivedData/Build/Intermediates.noindex/AINotizassistent.build/Release/AINotizassistent.build/empty-AINotizassistent.plist
2025-11-02T01:30:27.3781490Z 
2025-11-02T01:30:27.3797420Z WriteAuxiliaryFile /Users/runner/work/ainotizassistent/ainotizassistent/AINotizassistent/DerivedData/Build/Intermediates.noindex/AINotizassistent.build/Release/AINotizassistent.build/Objects-normal/x86_64/AINotizassistent_const_extract_protocols.json (in target 'AINotizassistent' from project 'AINotizassistent')
2025-11-02T01:30:27.3812600Z     cd /Users/runner/work/ainotizassistent/ainotizassistent/AINotizassistent
2025-11-02T01:30:27.3834540Z     write-file /Users/runner/work/ainotizassistent/ainotizassistent/AINotizassistent/DerivedData/Build/Intermediates.noindex/AINotizassistent.build/Release/AINotizassistent.build/Objects-normal/x86_64/AINotizassistent_const_extract_protocols.json
2025-11-02T01:30:27.3845320Z 
2025-11-02T01:30:27.3848880Z WriteAuxiliaryFile /Users/runner/work/ainotizassistent/ainotizassistent/AINotizassistent/DerivedData/Build/Intermediates.noindex/AINotizassistent.build/Release/AINotizassistent.build/Objects-normal/x86_64/AINotizassistent.SwiftFileList (in target 'AINotizassistent' from project 'AINotizassistent')
2025-11-02T01:30:27.3852980Z     cd /Users/runner/work/ainotizassistent/ainotizassistent/AINotizassistent
2025-11-02T01:30:27.3856400Z     write-file /Users/runner/work/ainotizassistent/ainotizassistent/AINotizassistent/DerivedData/Build/Intermediates.noindex/AINotizassistent.build/Release/AINotizassistent.build/Objects-normal/x86_64/AINotizassistent.SwiftFileList
2025-11-02T01:30:27.3859240Z 
2025-11-02T01:30:27.3863980Z WriteAuxiliaryFile /Users/runner/work/ainotizassistent/ainotizassistent/AINotizassistent/DerivedData/Build/Intermediates.noindex/AINotizassistent.build/Release/AINotizassistent.build/Objects-normal/x86_64/AINotizassistent-OutputFileMap.json (in target 'AINotizassistent' from project 'AINotizassistent')
2025-11-02T01:30:27.3867800Z     cd /Users/runner/work/ainotizassistent/ainotizassistent/AINotizassistent
2025-11-02T01:30:27.3870210Z     write-file /Users/runner/work/ainotizassistent/ainotizassistent/AINotizassistent/DerivedData/Build/Intermediates.noindex/AINotizassistent.build/Release/AINotizassistent.build/Objects-normal/x86_64/AINotizassistent-OutputFileMap.json
2025-11-02T01:30:27.3872230Z 
2025-11-02T01:30:27.3874660Z WriteAuxiliaryFile /Users/runner/work/ainotizassistent/ainotizassistent/AINotizassistent/DerivedData/Build/Intermediates.noindex/AINotizassistent.build/Release/AINotizassistent.build/Objects-normal/arm64/AINotizassistent_const_extract_protocols.json (in target 'AINotizassistent' from project 'AINotizassistent')
2025-11-02T01:30:27.3877690Z     cd /Users/runner/work/ainotizassistent/ainotizassistent/AINotizassistent
2025-11-02T01:30:27.3880240Z     write-file /Users/runner/work/ainotizassistent/ainotizassistent/AINotizassistent/DerivedData/Build/Intermediates.noindex/AINotizassistent.build/Release/AINotizassistent.build/Objects-normal/arm64/AINotizassistent_const_extract_protocols.json
2025-11-02T01:30:27.3882400Z 
2025-11-02T01:30:27.3884770Z WriteAuxiliaryFile /Users/runner/work/ainotizassistent/ainotizassistent/AINotizassistent/DerivedData/Build/Intermediates.noindex/AINotizassistent.build/Release/AINotizassistent.build/Objects-normal/arm64/AINotizassistent.SwiftFileList (in target 'AINotizassistent' from project 'AINotizassistent')
2025-11-02T01:30:27.3887640Z     cd /Users/runner/work/ainotizassistent/ainotizassistent/AINotizassistent
2025-11-02T01:30:27.3890040Z     write-file /Users/runner/work/ainotizassistent/ainotizassistent/AINotizassistent/DerivedData/Build/Intermediates.noindex/AINotizassistent.build/Release/AINotizassistent.build/Objects-normal/arm64/AINotizassistent.SwiftFileList
2025-11-02T01:30:27.3892700Z 
2025-11-02T01:30:27.3895160Z WriteAuxiliaryFile /Users/runner/work/ainotizassistent/ainotizassistent/AINotizassistent/DerivedData/Build/Intermediates.noindex/AINotizassistent.build/Release/AINotizassistent.build/Objects-normal/arm64/AINotizassistent-OutputFileMap.json (in target 'AINotizassistent' from project 'AINotizassistent')
2025-11-02T01:30:27.3898110Z     cd /Users/runner/work/ainotizassistent/ainotizassistent/AINotizassistent
2025-11-02T01:30:27.3900560Z     write-file /Users/runner/work/ainotizassistent/ainotizassistent/AINotizassistent/DerivedData/Build/Intermediates.noindex/AINotizassistent.build/Release/AINotizassistent.build/Objects-normal/arm64/AINotizassistent-OutputFileMap.json
2025-11-02T01:30:27.3903250Z 
2025-11-02T01:30:27.3907960Z ProcessInfoPlistFile /Users/runner/work/ainotizassistent/ainotizassistent/AINotizassistent/DerivedData/Build/Products/Release/AINotizassistent.app/Contents/Info.plist /Users/runner/work/ainotizassistent/ainotizassistent/AINotizassistent/DerivedData/Build/Intermediates.noindex/AINotizassistent.build/Release/AINotizassistent.build/empty-AINotizassistent.plist (in target 'AINotizassistent' from project 'AINotizassistent')
2025-11-02T01:30:27.3912910Z     cd /Users/runner/work/ainotizassistent/ainotizassistent/AINotizassistent
2025-11-02T01:30:27.3918590Z     builtin-infoPlistUtility /Users/runner/work/ainotizassistent/ainotizassistent/AINotizassistent/DerivedData/Build/Intermediates.noindex/AINotizassistent.build/Release/AINotizassistent.build/empty-AINotizassistent.plist -producttype com.apple.product-type.application -genpkginfo /Users/runner/work/ainotizassistent/ainotizassistent/AINotizassistent/DerivedData/Build/Products/Release/AINotizassistent.app/Contents/PkgInfo -expandbuildsettings -platform macosx -o /Users/runner/work/ainotizassistent/ainotizassistent/AINotizassistent/DerivedData/Build/Products/Release/AINotizassistent.app/Contents/Info.plist
2025-11-02T01:30:27.3925290Z 
2025-11-02T01:30:27.3926230Z SwiftDriver AINotizassistent normal arm64 com.apple.xcode.tools.swift.compiler (in target 'AINotizassistent' from project 'AINotizassistent')
2025-11-02T01:30:27.3928790Z     cd /Users/runner/work/ainotizassistent/ainotizassistent/AINotizassistent
2025-11-02T01:30:27.3968540Z     builtin-SwiftDriver -- /Applications/Xcode_15.0.1.app/Contents/Developer/Toolchains/XcodeDefault.xctoolchain/usr/bin/swiftc -module-name AINotizassistent -O -whole-module-optimization -enforce-exclusivity\=checked @/Users/runner/work/ainotizassistent/ainotizassistent/AINotizassistent/DerivedData/Build/Intermediates.noindex/AINotizassistent.build/Release/AINotizassistent.build/Objects-normal/arm64/AINotizassistent.SwiftFileList -sdk /Applications/Xcode_15.0.1.app/Contents/Developer/Platforms/MacOSX.platform/Developer/SDKs/MacOSX14.0.sdk -target arm64-apple-macos13.0 -enable-bare-slash-regex -g -module-cache-path /Users/runner/work/ainotizassistent/ainotizassistent/AINotizassistent/DerivedData/ModuleCache.noindex -Xfrontend -serialize-debugging-options -swift-version 5 -I /Users/runner/work/ainotizassistent/ainotizassistent/AINotizassistent/DerivedData/Build/Products/Release -F /Users/runner/work/ainotizassistent/ainotizassistent/AINotizassistent/DerivedData/Build/Products/Release -c -num-threads 4 -Xcc -ivfsstatcache -Xcc /Users/runner/work/ainotizassistent/ainotizassistent/AINotizassistent/DerivedData/SDKStatCaches.noindex/macosx14.0-23A334-f3d4ef09583a4130ba186d8a5c250973.sdkstatcache -output-file-map /Users/runner/work/ainotizassistent/ainotizassistent/AINotizassistent/DerivedData/Build/Intermediates.noindex/AINotizassistent.build/Release/AINotizassistent.build/Objects-normal/arm64/AINotizassistent-OutputFileMap.json -use-frontend-parseable-output -save-temps -no-color-diagnostics -serialize-diagnostics -emit-dependencies -emit-module -emit-module-path /Users/runner/work/ainotizassistent/ainotizassistent/AINotizassistent/DerivedData/Build/Intermediates.noindex/AINotizassistent.build/Release/AINotizassistent.build/Objects-normal/arm64/AINotizassistent.swiftmodule -validate-clang-modules-once -clang-build-session-file /Users/runner/work/ainotizassistent/ainotizassistent/AINotizassistent/DerivedData/ModuleCache.noindex/Session.modulevalidation -Xcc -I/Users/runner/work/ainotizassistent/ainotizassistent/AINotizassistent/DerivedData/Build/Intermediates.noindex/AINotizassistent.build/Release/AINotizassistent.build/swift-overrides.hmap -emit-const-values -Xfrontend -const-gather-protocols-file -Xfrontend /Users/runner/work/ainotizassistent/ainotizassistent/AINotizassistent/DerivedData/Build/Intermediates.noindex/AINotizassistent.build/Release/AINotizassistent.build/Objects-normal/arm64/AINotizassistent_const_extract_protocols.json -Xcc -iquote -Xcc /Users/runner/work/ainotizassistent/ainotizassistent/AINotizassistent/DerivedData/Build/Intermediates.noindex/AINotizassistent.build/Release/AINotizassistent.build/AINotizassistent-generated-files.hmap -Xcc -I/Users/runner/work/ainotizassistent/ainotizassistent/AINotizassistent/DerivedData/Build/Intermediates.noindex/AINotizassistent.build/Release/AINotizassistent.build/AINotizassistent-own-target-headers.hmap -Xcc -I/Users/runner/work/ainotizassistent/ainotizassistent/AINotizassistent/DerivedData/Build/Intermediates.noindex/AINotizassistent.build/Release/AINotizassistent.build/AINotizassistent-all-target-headers.hmap -Xcc -iquote -Xcc /Users/runner/work/ainotizassistent/ainotizassistent/AINotizassistent/DerivedData/Build/Intermediates.noindex/AINotizassistent.build/Release/AINotizassistent.build/AINotizassistent-project-headers.hmap -Xcc -I/Users/runner/work/ainotizassistent/ainotizassistent/AINotizassistent/DerivedData/Build/Products/Release/include -Xcc -I/Users/runner/work/ainotizassistent/ainotizassistent/AINotizassistent/DerivedData/Build/Intermediates.noindex/AINotizassistent.build/Release/AINotizassistent.build/DerivedSources-normal/arm64 -Xcc -I/Users/runner/work/ainotizassistent/ainotizassistent/AINotizassistent/DerivedData/Build/Intermediates.noindex/AINotizassistent.build/Release/AINotizassistent.build/DerivedSources/arm64 -Xcc -I/Users/runner/work/ainotizassistent/ainotizassistent/AINotizassistent/DerivedData/Build/Intermediates.noindex/AINotizassistent.build/Release/AINotizassistent.build/DerivedSources -emit-objc-header -emit-objc-header-path /Users/runner/work/ainotizassistent/ainotizassistent/AINotizassistent/DerivedData/Build/Intermediates.noindex/AINotizassistent.build/Release/AINotizassistent.build/Objects-normal/arm64/AINotizassistent-Swift.h -working-directory /Users/runner/work/ainotizassistent/ainotizassistent/AINotizassistent -no-emit-module-separately-wmo
2025-11-02T01:30:27.4505060Z 
2025-11-02T01:30:27.4506470Z SwiftDriver AINotizassistent normal x86_64 com.apple.xcode.tools.swift.compiler (in target 'AINotizassistent' from project 'AINotizassistent')
2025-11-02T01:30:27.4508380Z     cd /Users/runner/work/ainotizassistent/ainotizassistent/AINotizassistent
2025-11-02T01:30:27.4555870Z     builtin-SwiftDriver -- /Applications/Xcode_15.0.1.app/Contents/Developer/Toolchains/XcodeDefault.xctoolchain/usr/bin/swiftc -module-name AINotizassistent -O -whole-module-optimization -enforce-exclusivity\=checked @/Users/runner/work/ainotizassistent/ainotizassistent/AINotizassistent/DerivedData/Build/Intermediates.noindex/AINotizassistent.build/Release/AINotizassistent.build/Objects-normal/x86_64/AINotizassistent.SwiftFileList -sdk /Applications/Xcode_15.0.1.app/Contents/Developer/Platforms/MacOSX.platform/Developer/SDKs/MacOSX14.0.sdk -target x86_64-apple-macos13.0 -enable-bare-slash-regex -g -module-cache-path /Users/runner/work/ainotizassistent/ainotizassistent/AINotizassistent/DerivedData/ModuleCache.noindex -Xfrontend -serialize-debugging-options -swift-version 5 -I /Users/runner/work/ainotizassistent/ainotizassistent/AINotizassistent/DerivedData/Build/Products/Release -F /Users/runner/work/ainotizassistent/ainotizassistent/AINotizassistent/DerivedData/Build/Products/Release -c -num-threads 4 -Xcc -ivfsstatcache -Xcc /Users/runner/work/ainotizassistent/ainotizassistent/AINotizassistent/DerivedData/SDKStatCaches.noindex/macosx14.0-23A334-f3d4ef09583a4130ba186d8a5c250973.sdkstatcache -output-file-map /Users/runner/work/ainotizassistent/ainotizassistent/AINotizassistent/DerivedData/Build/Intermediates.noindex/AINotizassistent.build/Release/AINotizassistent.build/Objects-normal/x86_64/AINotizassistent-OutputFileMap.json -use-frontend-parseable-output -save-temps -no-color-diagnostics -serialize-diagnostics -emit-dependencies -emit-module -emit-module-path /Users/runner/work/ainotizassistent/ainotizassistent/AINotizassistent/DerivedData/Build/Intermediates.noindex/AINotizassistent.build/Release/AINotizassistent.build/Objects-normal/x86_64/AINotizassistent.swiftmodule -validate-clang-modules-once -clang-build-session-file /Users/runner/work/ainotizassistent/ainotizassistent/AINotizassistent/DerivedData/ModuleCache.noindex/Session.modulevalidation -Xcc -I/Users/runner/work/ainotizassistent/ainotizassistent/AINotizassistent/DerivedData/Build/Intermediates.noindex/AINotizassistent.build/Release/AINotizassistent.build/swift-overrides.hmap -emit-const-values -Xfrontend -const-gather-protocols-file -Xfrontend /Users/runner/work/ainotizassistent/ainotizassistent/AINotizassistent/DerivedData/Build/Intermediates.noindex/AINotizassistent.build/Release/AINotizassistent.build/Objects-normal/x86_64/AINotizassistent_const_extract_protocols.json -Xcc -iquote -Xcc /Users/runner/work/ainotizassistent/ainotizassistent/AINotizassistent/DerivedData/Build/Intermediates.noindex/AINotizassistent.build/Release/AINotizassistent.build/AINotizassistent-generated-files.hmap -Xcc -I/Users/runner/work/ainotizassistent/ainotizassistent/AINotizassistent/DerivedData/Build/Intermediates.noindex/AINotizassistent.build/Release/AINotizassistent.build/AINotizassistent-own-target-headers.hmap -Xcc -I/Users/runner/work/ainotizassistent/ainotizassistent/AINotizassistent/DerivedData/Build/Intermediates.noindex/AINotizassistent.build/Release/AINotizassistent.build/AINotizassistent-all-target-headers.hmap -Xcc -iquote -Xcc /Users/runner/work/ainotizassistent/ainotizassistent/AINotizassistent/DerivedData/Build/Intermediates.noindex/AINotizassistent.build/Release/AINotizassistent.build/AINotizassistent-project-headers.hmap -Xcc -I/Users/runner/work/ainotizassistent/ainotizassistent/AINotizassistent/DerivedData/Build/Products/Release/include -Xcc -I/Users/runner/work/ainotizassistent/ainotizassistent/AINotizassistent/DerivedData/Build/Intermediates.noindex/AINotizassistent.build/Release/AINotizassistent.build/DerivedSources-normal/x86_64 -Xcc -I/Users/runner/work/ainotizassistent/ainotizassistent/AINotizassistent/DerivedData/Build/Intermediates.noindex/AINotizassistent.build/Release/AINotizassistent.build/DerivedSources/x86_64 -Xcc -I/Users/runner/work/ainotizassistent/ainotizassistent/AINotizassistent/DerivedData/Build/Intermediates.noindex/AINotizassistent.build/Release/AINotizassistent.build/DerivedSources -emit-objc-header -emit-objc-header-path /Users/runner/work/ainotizassistent/ainotizassistent/AINotizassistent/DerivedData/Build/Intermediates.noindex/AINotizassistent.build/Release/AINotizassistent.build/Objects-normal/x86_64/AINotizassistent-Swift.h -working-directory /Users/runner/work/ainotizassistent/ainotizassistent/AINotizassistent -no-emit-module-separately-wmo
2025-11-02T01:30:27.4604980Z 
2025-11-02T01:30:27.4607530Z SwiftDriver\ Compilation AINotizassistent normal arm64 com.apple.xcode.tools.swift.compiler (in target 'AINotizassistent' from project 'AINotizassistent')
2025-11-02T01:30:27.4609500Z     cd /Users/runner/work/ainotizassistent/ainotizassistent/AINotizassistent
2025-11-02T01:30:27.4661130Z     builtin-Swift-Compilation -- /Applications/Xcode_15.0.1.app/Contents/Developer/Toolchains/XcodeDefault.xctoolchain/usr/bin/swiftc -module-name AINotizassistent -O -whole-module-optimization -enforce-exclusivity\=checked @/Users/runner/work/ainotizassistent/ainotizassistent/AINotizassistent/DerivedData/Build/Intermediates.noindex/AINotizassistent.build/Release/AINotizassistent.build/Objects-normal/arm64/AINotizassistent.SwiftFileList -sdk /Applications/Xcode_15.0.1.app/Contents/Developer/Platforms/MacOSX.platform/Developer/SDKs/MacOSX14.0.sdk -target arm64-apple-macos13.0 -enable-bare-slash-regex -g -module-cache-path /Users/runner/work/ainotizassistent/ainotizassistent/AINotizassistent/DerivedData/ModuleCache.noindex -Xfrontend -serialize-debugging-options -swift-version 5 -I /Users/runner/work/ainotizassistent/ainotizassistent/AINotizassistent/DerivedData/Build/Products/Release -F /Users/runner/work/ainotizassistent/ainotizassistent/AINotizassistent/DerivedData/Build/Products/Release -c -num-threads 4 -Xcc -ivfsstatcache -Xcc /Users/runner/work/ainotizassistent/ainotizassistent/AINotizassistent/DerivedData/SDKStatCaches.noindex/macosx14.0-23A334-f3d4ef09583a4130ba186d8a5c250973.sdkstatcache -output-file-map /Users/runner/work/ainotizassistent/ainotizassistent/AINotizassistent/DerivedData/Build/Intermediates.noindex/AINotizassistent.build/Release/AINotizassistent.build/Objects-normal/arm64/AINotizassistent-OutputFileMap.json -use-frontend-parseable-output -save-temps -no-color-diagnostics -serialize-diagnostics -emit-dependencies -emit-module -emit-module-path /Users/runner/work/ainotizassistent/ainotizassistent/AINotizassistent/DerivedData/Build/Intermediates.noindex/AINotizassistent.build/Release/AINotizassistent.build/Objects-normal/arm64/AINotizassistent.swiftmodule -validate-clang-modules-once -clang-build-session-file /Users/runner/work/ainotizassistent/ainotizassistent/AINotizassistent/DerivedData/ModuleCache.noindex/Session.modulevalidation -Xcc -I/Users/runner/work/ainotizassistent/ainotizassistent/AINotizassistent/DerivedData/Build/Intermediates.noindex/AINotizassistent.build/Release/AINotizassistent.build/swift-overrides.hmap -emit-const-values -Xfrontend -const-gather-protocols-file -Xfrontend /Users/runner/work/ainotizassistent/ainotizassistent/AINotizassistent/DerivedData/Build/Intermediates.noindex/AINotizassistent.build/Release/AINotizassistent.build/Objects-normal/arm64/AINotizassistent_const_extract_protocols.json -Xcc -iquote -Xcc /Users/runner/work/ainotizassistent/ainotizassistent/AINotizassistent/DerivedData/Build/Intermediates.noindex/AINotizassistent.build/Release/AINotizassistent.build/AINotizassistent-generated-files.hmap -Xcc -I/Users/runner/work/ainotizassistent/ainotizassistent/AINotizassistent/DerivedData/Build/Intermediates.noindex/AINotizassistent.build/Release/AINotizassistent.build/AINotizassistent-own-target-headers.hmap -Xcc -I/Users/runner/work/ainotizassistent/ainotizassistent/AINotizassistent/DerivedData/Build/Intermediates.noindex/AINotizassistent.build/Release/AINotizassistent.build/AINotizassistent-all-target-headers.hmap -Xcc -iquote -Xcc /Users/runner/work/ainotizassistent/ainotizassistent/AINotizassistent/DerivedData/Build/Intermediates.noindex/AINotizassistent.build/Release/AINotizassistent.build/AINotizassistent-project-headers.hmap -Xcc -I/Users/runner/work/ainotizassistent/ainotizassistent/AINotizassistent/DerivedData/Build/Products/Release/include -Xcc -I/Users/runner/work/ainotizassistent/ainotizassistent/AINotizassistent/DerivedData/Build/Intermediates.noindex/AINotizassistent.build/Release/AINotizassistent.build/DerivedSources-normal/arm64 -Xcc -I/Users/runner/work/ainotizassistent/ainotizassistent/AINotizassistent/DerivedData/Build/Intermediates.noindex/AINotizassistent.build/Release/AINotizassistent.build/DerivedSources/arm64 -Xcc -I/Users/runner/work/ainotizassistent/ainotizassistent/AINotizassistent/DerivedData/Build/Intermediates.noindex/AINotizassistent.build/Release/AINotizassistent.build/DerivedSources -emit-objc-header -emit-objc-header-path /Users/runner/work/ainotizassistent/ainotizassistent/AINotizassistent/DerivedData/Build/Intermediates.noindex/AINotizassistent.build/Release/AINotizassistent.build/Objects-normal/arm64/AINotizassistent-Swift.h -working-directory /Users/runner/work/ainotizassistent/ainotizassistent/AINotizassistent -no-emit-module-separately-wmo
2025-11-02T01:30:27.4704610Z 
2025-11-02T01:30:27.4705800Z SwiftDriver\ Compilation AINotizassistent normal x86_64 com.apple.xcode.tools.swift.compiler (in target 'AINotizassistent' from project 'AINotizassistent')
2025-11-02T01:30:27.4707480Z     cd /Users/runner/work/ainotizassistent/ainotizassistent/AINotizassistent
2025-11-02T01:30:27.4749800Z     builtin-Swift-Compilation -- /Applications/Xcode_15.0.1.app/Contents/Developer/Toolchains/XcodeDefault.xctoolchain/usr/bin/swiftc -module-name AINotizassistent -O -whole-module-optimization -enforce-exclusivity\=checked @/Users/runner/work/ainotizassistent/ainotizassistent/AINotizassistent/DerivedData/Build/Intermediates.noindex/AINotizassistent.build/Release/AINotizassistent.build/Objects-normal/x86_64/AINotizassistent.SwiftFileList -sdk /Applications/Xcode_15.0.1.app/Contents/Developer/Platforms/MacOSX.platform/Developer/SDKs/MacOSX14.0.sdk -target x86_64-apple-macos13.0 -enable-bare-slash-regex -g -module-cache-path /Users/runner/work/ainotizassistent/ainotizassistent/AINotizassistent/DerivedData/ModuleCache.noindex -Xfrontend -serialize-debugging-options -swift-version 5 -I /Users/runner/work/ainotizassistent/ainotizassistent/AINotizassistent/DerivedData/Build/Products/Release -F /Users/runner/work/ainotizassistent/ainotizassistent/AINotizassistent/DerivedData/Build/Products/Release -c -num-threads 4 -Xcc -ivfsstatcache -Xcc /Users/runner/work/ainotizassistent/ainotizassistent/AINotizassistent/DerivedData/SDKStatCaches.noindex/macosx14.0-23A334-f3d4ef09583a4130ba186d8a5c250973.sdkstatcache -output-file-map /Users/runner/work/ainotizassistent/ainotizassistent/AINotizassistent/DerivedData/Build/Intermediates.noindex/AINotizassistent.build/Release/AINotizassistent.build/Objects-normal/x86_64/AINotizassistent-OutputFileMap.json -use-frontend-parseable-output -save-temps -no-color-diagnostics -serialize-diagnostics -emit-dependencies -emit-module -emit-module-path /Users/runner/work/ainotizassistent/ainotizassistent/AINotizassistent/DerivedData/Build/Intermediates.noindex/AINotizassistent.build/Release/AINotizassistent.build/Objects-normal/x86_64/AINotizassistent.swiftmodule -validate-clang-modules-once -clang-build-session-file /Users/runner/work/ainotizassistent/ainotizassistent/AINotizassistent/DerivedData/ModuleCache.noindex/Session.modulevalidation -Xcc -I/Users/runner/work/ainotizassistent/ainotizassistent/AINotizassistent/DerivedData/Build/Intermediates.noindex/AINotizassistent.build/Release/AINotizassistent.build/swift-overrides.hmap -emit-const-values -Xfrontend -const-gather-protocols-file -Xfrontend /Users/runner/work/ainotizassistent/ainotizassistent/AINotizassistent/DerivedData/Build/Intermediates.noindex/AINotizassistent.build/Release/AINotizassistent.build/Objects-normal/x86_64/AINotizassistent_const_extract_protocols.json -Xcc -iquote -Xcc /Users/runner/work/ainotizassistent/ainotizassistent/AINotizassistent/DerivedData/Build/Intermediates.noindex/AINotizassistent.build/Release/AINotizassistent.build/AINotizassistent-generated-files.hmap -Xcc -I/Users/runner/work/ainotizassistent/ainotizassistent/AINotizassistent/DerivedData/Build/Intermediates.noindex/AINotizassistent.build/Release/AINotizassistent.build/AINotizassistent-own-target-headers.hmap -Xcc -I/Users/runner/work/ainotizassistent/ainotizassistent/AINotizassistent/DerivedData/Build/Intermediates.noindex/AINotizassistent.build/Release/AINotizassistent.build/AINotizassistent-all-target-headers.hmap -Xcc -iquote -Xcc /Users/runner/work/ainotizassistent/ainotizassistent/AINotizassistent/DerivedData/Build/Intermediates.noindex/AINotizassistent.build/Release/AINotizassistent.build/AINotizassistent-project-headers.hmap -Xcc -I/Users/runner/work/ainotizassistent/ainotizassistent/AINotizassistent/DerivedData/Build/Products/Release/include -Xcc -I/Users/runner/work/ainotizassistent/ainotizassistent/AINotizassistent/DerivedData/Build/Intermediates.noindex/AINotizassistent.build/Release/AINotizassistent.build/DerivedSources-normal/x86_64 -Xcc -I/Users/runner/work/ainotizassistent/ainotizassistent/AINotizassistent/DerivedData/Build/Intermediates.noindex/AINotizassistent.build/Release/AINotizassistent.build/DerivedSources/x86_64 -Xcc -I/Users/runner/work/ainotizassistent/ainotizassistent/AINotizassistent/DerivedData/Build/Intermediates.noindex/AINotizassistent.build/Release/AINotizassistent.build/DerivedSources -emit-objc-header -emit-objc-header-path /Users/runner/work/ainotizassistent/ainotizassistent/AINotizassistent/DerivedData/Build/Intermediates.noindex/AINotizassistent.build/Release/AINotizassistent.build/Objects-normal/x86_64/AINotizassistent-Swift.h -working-directory /Users/runner/work/ainotizassistent/ainotizassistent/AINotizassistent -no-emit-module-separately-wmo
2025-11-02T01:30:27.4802470Z 
2025-11-02T01:30:27.4808010Z SwiftCompile normal arm64 Compiling\ AINotizassistentApp.swift,\ ContentView.swift,\ AppDelegate.swift /Users/runner/work/ainotizassistent/ainotizassistent/AINotizassistent/AINotizassistent/AINotizassistentApp.swift /Users/runner/work/ainotizassistent/ainotizassistent/AINotizassistent/AINotizassistent/ContentView.swift /Users/runner/work/ainotizassistent/ainotizassistent/AINotizassistent/AINotizassistent/AppDelegate.swift (in target 'AINotizassistent' from project 'AINotizassistent')
2025-11-02T01:30:27.4814550Z     cd /Users/runner/work/ainotizassistent/ainotizassistent/AINotizassistent
2025-11-02T01:30:27.4888050Z     builtin-swiftTaskExecution -- /Applications/Xcode_15.0.1.app/Contents/Developer/Toolchains/XcodeDefault.xctoolchain/usr/bin/swift-frontend -frontend -c /Users/runner/work/ainotizassistent/ainotizassistent/AINotizassistent/AINotizassistent/AINotizassistentApp.swift /Users/runner/work/ainotizassistent/ainotizassistent/AINotizassistent/AINotizassistent/ContentView.swift /Users/runner/work/ainotizassistent/ainotizassistent/AINotizassistent/AINotizassistent/AppDelegate.swift -supplementary-output-file-map /Users/runner/work/ainotizassistent/ainotizassistent/AINotizassistent/DerivedData/Build/Intermediates.noindex/AINotizassistent.build/Release/AINotizassistent.build/Objects-normal/arm64/supplementaryOutputs-2 -target arm64-apple-macos13.0 -Xllvm -aarch64-use-tbi -enable-objc-interop -stack-check -sdk /Applications/Xcode_15.0.1.app/Contents/Developer/Platforms/MacOSX.platform/Developer/SDKs/MacOSX14.0.sdk -I /Users/runner/work/ainotizassistent/ainotizassistent/AINotizassistent/DerivedData/Build/Products/Release -F /Users/runner/work/ainotizassistent/ainotizassistent/AINotizassistent/DerivedData/Build/Products/Release -no-color-diagnostics -g -module-cache-path /Users/runner/work/ainotizassistent/ainotizassistent/AINotizassistent/DerivedData/ModuleCache.noindex -swift-version 5 -enforce-exclusivity\=checked -O -serialize-debugging-options -const-gather-protocols-file /Users/runner/work/ainotizassistent/ainotizassistent/AINotizassistent/DerivedData/Build/Intermediates.noindex/AINotizassistent.build/Release/AINotizassistent.build/Objects-normal/arm64/AINotizassistent_const_extract_protocols.json -enable-bare-slash-regex -empty-abi-descriptor -validate-clang-modules-once -clang-build-session-file /Users/runner/work/ainotizassistent/ainotizassistent/AINotizassistent/DerivedData/ModuleCache.noindex/Session.modulevalidation -Xcc -working-directory -Xcc /Users/runner/work/ainotizassistent/ainotizassistent/AINotizassistent -resource-dir /Applications/Xcode_15.0.1.app/Contents/Developer/Toolchains/XcodeDefault.xctoolchain/usr/lib/swift -Xcc -ivfsstatcache -Xcc /Users/runner/work/ainotizassistent/ainotizassistent/AINotizassistent/DerivedData/SDKStatCaches.noindex/macosx14.0-23A334-f3d4ef09583a4130ba186d8a5c250973.sdkstatcache -Xcc -I/Users/runner/work/ainotizassistent/ainotizassistent/AINotizassistent/DerivedData/Build/Intermediates.noindex/AINotizassistent.build/Release/AINotizassistent.build/swift-overrides.hmap -Xcc -iquote -Xcc /Users/runner/work/ainotizassistent/ainotizassistent/AINotizassistent/DerivedData/Build/Intermediates.noindex/AINotizassistent.build/Release/AINotizassistent.build/AINotizassistent-generated-files.hmap -Xcc -I/Users/runner/work/ainotizassistent/ainotizassistent/AINotizassistent/DerivedData/Build/Intermediates.noindex/AINotizassistent.build/Release/AINotizassistent.build/AINotizassistent-own-target-headers.hmap -Xcc -I/Users/runner/work/ainotizassistent/ainotizassistent/AINotizassistent/DerivedData/Build/Intermediates.noindex/AINotizassistent.build/Release/AINotizassistent.build/AINotizassistent-all-target-headers.hmap -Xcc -iquote -Xcc /Users/runner/work/ainotizassistent/ainotizassistent/AINotizassistent/DerivedData/Build/Intermediates.noindex/AINotizassistent.build/Release/AINotizassistent.build/AINotizassistent-project-headers.hmap -Xcc -I/Users/runner/work/ainotizassistent/ainotizassistent/AINotizassistent/DerivedData/Build/Products/Release/include -Xcc -I/Users/runner/work/ainotizassistent/ainotizassistent/AINotizassistent/DerivedData/Build/Intermediates.noindex/AINotizassistent.build/Release/AINotizassistent.build/DerivedSources-normal/arm64 -Xcc -I/Users/runner/work/ainotizassistent/ainotizassistent/AINotizassistent/DerivedData/Build/Intermediates.noindex/AINotizassistent.build/Release/AINotizassistent.build/DerivedSources/arm64 -Xcc -I/Users/runner/work/ainotizassistent/ainotizassistent/AINotizassistent/DerivedData/Build/Intermediates.noindex/AINotizassistent.build/Release/AINotizassistent.build/DerivedSources -module-name AINotizassistent -frontend-parseable-output -disable-clang-spi -target-sdk-version 14.0 -target-sdk-name macosx14.0 -external-plugin-path /Applications/Xcode_15.0.1.app/Contents/Developer/Platforms/MacOSX.platform/Developer/SDKs/MacOSX14.0.sdk/usr/lib/swift/host/plugins\#/Applications/Xcode_15.0.1.app/Contents/Developer/Platforms/MacOSX.platform/Developer/SDKs/MacOSX14.0.sdk/usr/bin/swift-plugin-server -external-plugin-path /Applications/Xcode_15.0.1.app/Contents/Developer/Platforms/MacOSX.platform/Developer/SDKs/MacOSX14.0.sdk/usr/local/lib/swift/host/plugins\#/Applications/Xcode_15.0.1.app/Contents/Developer/Platforms/MacOSX.platform/Developer/SDKs/MacOSX14.0.sdk/usr/bin/swift-plugin-server -external-plugin-path /Applications/Xcode_15.0.1.app/Contents/Developer/Platforms/MacOSX.platform/Developer/usr/lib/swift/host/plugins\#/Applications/Xcode_15.0.1.app/Contents/Developer/Platforms/MacOSX.platform/Developer/usr/bin/swift-plugin-server -external-plugin-path /Applications/Xcode_15.0.1.app/Contents/Developer/Platforms/MacOSX.platform/Developer/usr/local/lib/swift/host/plugins\#/Applications/Xcode_15.0.1.app/Contents/Developer/Platforms/MacOSX.platform/Developer/usr/bin/swift-plugin-server -plugin-path /Applications/Xcode_15.0.1.app/Contents/Developer/Toolchains/XcodeDefault.xctoolchain/usr/lib/swift/host/plugins -plugin-path /Applications/Xcode_15.0.1.app/Contents/Developer/Toolchains/XcodeDefault.xctoolchain/usr/local/lib/swift/host/plugins -enable-default-cmo -num-threads 4 -o /Users/runner/work/ainotizassistent/ainotizassistent/AINotizassistent/DerivedData/Build/Intermediates.noindex/AINotizassistent.build/Release/AINotizassistent.build/Objects-normal/arm64/AINotizassistentApp.o -o /Users/runner/work/ainotizassistent/ainotizassistent/AINotizassistent/DerivedData/Build/Intermediates.noindex/AINotizassistent.build/Release/AINotizassistent.build/Objects-normal/arm64/ContentView.o -o /Users/runner/work/ainotizassistent/ainotizassistent/AINotizassistent/DerivedData/Build/Intermediates.noindex/AINotizassistent.build/Release/AINotizassistent.build/Objects-normal/arm64/AppDelegate.o -index-unit-output-path /AINotizassistent.build/Release/AINotizassistent.build/Objects-normal/arm64/AINotizassistentApp.o -index-unit-output-path /AINotizassistent.build/Release/AINotizassistent.build/Objects-normal/arm64/ContentView.o -index-unit-output-path /AINotizassistent.build/Release/AINotizassistent.build/Objects-normal/arm64/AppDelegate.o
2025-11-02T01:30:27.7588560Z 
2025-11-02T01:30:27.7589570Z CompileSwift normal arm64 (in target 'AINotizassistent' from project 'AINotizassistent')
2025-11-02T01:30:27.7591140Z     cd /Users/runner/work/ainotizassistent/ainotizassistent/AINotizassistent
2025-11-02T01:30:27.7660300Z     /Applications/Xcode_15.0.1.app/Contents/Developer/Toolchains/XcodeDefault.xctoolchain/usr/bin/swift-frontend -c /Users/runner/work/ainotizassistent/ainotizassistent/AINotizassistent/AINotizassistent/AINotizassistentApp.swift /Users/runner/work/ainotizassistent/ainotizassistent/AINotizassistent/AINotizassistent/ContentView.swift /Users/runner/work/ainotizassistent/ainotizassistent/AINotizassistent/AINotizassistent/AppDelegate.swift -supplementary-output-file-map /Users/runner/work/ainotizassistent/ainotizassistent/AINotizassistent/DerivedData/Build/Intermediates.noindex/AINotizassistent.build/Release/AINotizassistent.build/Objects-normal/arm64/supplementaryOutputs-2 -target arm64-apple-macos13.0 -Xllvm -aarch64-use-tbi -enable-objc-interop -stack-check -sdk /Applications/Xcode_15.0.1.app/Contents/Developer/Platforms/MacOSX.platform/Developer/SDKs/MacOSX14.0.sdk -I /Users/runner/work/ainotizassistent/ainotizassistent/AINotizassistent/DerivedData/Build/Products/Release -F /Users/runner/work/ainotizassistent/ainotizassistent/AINotizassistent/DerivedData/Build/Products/Release -no-color-diagnostics -g -module-cache-path /Users/runner/work/ainotizassistent/ainotizassistent/AINotizassistent/DerivedData/ModuleCache.noindex -swift-version 5 -enforce-exclusivity\=checked -O -serialize-debugging-options -const-gather-protocols-file /Users/runner/work/ainotizassistent/ainotizassistent/AINotizassistent/DerivedData/Build/Intermediates.noindex/AINotizassistent.build/Release/AINotizassistent.build/Objects-normal/arm64/AINotizassistent_const_extract_protocols.json -enable-bare-slash-regex -empty-abi-descriptor -validate-clang-modules-once -clang-build-session-file /Users/runner/work/ainotizassistent/ainotizassistent/AINotizassistent/DerivedData/ModuleCache.noindex/Session.modulevalidation -Xcc -working-directory -Xcc /Users/runner/work/ainotizassistent/ainotizassistent/AINotizassistent -resource-dir /Applications/Xcode_15.0.1.app/Contents/Developer/Toolchains/XcodeDefault.xctoolchain/usr/lib/swift -Xcc -ivfsstatcache -Xcc /Users/runner/work/ainotizassistent/ainotizassistent/AINotizassistent/DerivedData/SDKStatCaches.noindex/macosx14.0-23A334-f3d4ef09583a4130ba186d8a5c250973.sdkstatcache -Xcc -I/Users/runner/work/ainotizassistent/ainotizassistent/AINotizassistent/DerivedData/Build/Intermediates.noindex/AINotizassistent.build/Release/AINotizassistent.build/swift-overrides.hmap -Xcc -iquote -Xcc /Users/runner/work/ainotizassistent/ainotizassistent/AINotizassistent/DerivedData/Build/Intermediates.noindex/AINotizassistent.build/Release/AINotizassistent.build/AINotizassistent-generated-files.hmap -Xcc -I/Users/runner/work/ainotizassistent/ainotizassistent/AINotizassistent/DerivedData/Build/Intermediates.noindex/AINotizassistent.build/Release/AINotizassistent.build/AINotizassistent-own-target-headers.hmap -Xcc -I/Users/runner/work/ainotizassistent/ainotizassistent/AINotizassistent/DerivedData/Build/Intermediates.noindex/AINotizassistent.build/Release/AINotizassistent.build/AINotizassistent-all-target-headers.hmap -Xcc -iquote -Xcc /Users/runner/work/ainotizassistent/ainotizassistent/AINotizassistent/DerivedData/Build/Intermediates.noindex/AINotizassistent.build/Release/AINotizassistent.build/AINotizassistent-project-headers.hmap -Xcc -I/Users/runner/work/ainotizassistent/ainotizassistent/AINotizassistent/DerivedData/Build/Products/Release/include -Xcc -I/Users/runner/work/ainotizassistent/ainotizassistent/AINotizassistent/DerivedData/Build/Intermediates.noindex/AINotizassistent.build/Release/AINotizassistent.build/DerivedSources-normal/arm64 -Xcc -I/Users/runner/work/ainotizassistent/ainotizassistent/AINotizassistent/DerivedData/Build/Intermediates.noindex/AINotizassistent.build/Release/AINotizassistent.build/DerivedSources/arm64 -Xcc -I/Users/runner/work/ainotizassistent/ainotizassistent/AINotizassistent/DerivedData/Build/Intermediates.noindex/AINotizassistent.build/Release/AINotizassistent.build/DerivedSources -module-name AINotizassistent -frontend-parseable-output -disable-clang-spi -target-sdk-version 14.0 -target-sdk-name macosx14.0 -external-plugin-path /Applications/Xcode_15.0.1.app/Contents/Developer/Platforms/MacOSX.platform/Developer/SDKs/MacOSX14.0.sdk/usr/lib/swift/host/plugins\#/Applications/Xcode_15.0.1.app/Contents/Developer/Platforms/MacOSX.platform/Developer/SDKs/MacOSX14.0.sdk/usr/bin/swift-plugin-server -external-plugin-path /Applications/Xcode_15.0.1.app/Contents/Developer/Platforms/MacOSX.platform/Developer/SDKs/MacOSX14.0.sdk/usr/local/lib/swift/host/plugins\#/Applications/Xcode_15.0.1.app/Contents/Developer/Platforms/MacOSX.platform/Developer/SDKs/MacOSX14.0.sdk/usr/bin/swift-plugin-server -external-plugin-path /Applications/Xcode_15.0.1.app/Contents/Developer/Platforms/MacOSX.platform/Developer/usr/lib/swift/host/plugins\#/Applications/Xcode_15.0.1.app/Contents/Developer/Platforms/MacOSX.platform/Developer/usr/bin/swift-plugin-server -external-plugin-path /Applications/Xcode_15.0.1.app/Contents/Developer/Platforms/MacOSX.platform/Developer/usr/local/lib/swift/host/plugins\#/Applications/Xcode_15.0.1.app/Contents/Developer/Platforms/MacOSX.platform/Developer/usr/bin/swift-plugin-server -plugin-path /Applications/Xcode_15.0.1.app/Contents/Developer/Toolchains/XcodeDefault.xctoolchain/usr/lib/swift/host/plugins -plugin-path /Applications/Xcode_15.0.1.app/Contents/Developer/Toolchains/XcodeDefault.xctoolchain/usr/local/lib/swift/host/plugins -enable-default-cmo -num-threads 4 -o /Users/runner/work/ainotizassistent/ainotizassistent/AINotizassistent/DerivedData/Build/Intermediates.noindex/AINotizassistent.build/Release/AINotizassistent.build/Objects-normal/arm64/AINotizassistentApp.o -o /Users/runner/work/ainotizassistent/ainotizassistent/AINotizassistent/DerivedData/Build/Intermediates.noindex/AINotizassistent.build/Release/AINotizassistent.build/Objects-normal/arm64/ContentView.o -o /Users/runner/work/ainotizassistent/ainotizassistent/AINotizassistent/DerivedData/Build/Intermediates.noindex/AINotizassistent.build/Release/AINotizassistent.build/Objects-normal/arm64/AppDelegate.o -index-unit-output-path /AINotizassistent.build/Release/AINotizassistent.build/Objects-normal/arm64/AINotizassistentApp.o -index-unit-output-path /AINotizassistent.build/Release/AINotizassistent.build/Objects-normal/arm64/ContentView.o -index-unit-output-path /AINotizassistent.build/Release/AINotizassistent.build/Objects-normal/arm64/AppDelegate.o
2025-11-02T01:30:41.5576700Z /Users/runner/work/ainotizassistent/ainotizassistent/AINotizassistent/AINotizassistent/AINotizassistentApp.swift:18:13: error: cannot find 'AnimationManager' in scope
2025-11-02T01:30:41.5585540Z         _ = AnimationManager.shared
2025-11-02T01:30:41.5587850Z             ^~~~~~~~~~~~~~~~
2025-11-02T01:30:41.5591470Z /Users/runner/work/ainotizassistent/ainotizassistent/AINotizassistent/AINotizassistent/AINotizassistentApp.swift:19:13: error: cannot find 'MicroInteractionManager' in scope
2025-11-02T01:30:41.5594000Z         _ = MicroInteractionManager()
2025-11-02T01:30:41.5594690Z             ^~~~~~~~~~~~~~~~~~~~~~~
2025-11-02T01:30:41.5597410Z /Users/runner/work/ainotizassistent/ainotizassistent/AINotizassistent/AINotizassistent/AINotizassistentApp.swift:20:13: error: cannot find 'ScreenTransitionManager' in scope
2025-11-02T01:30:41.5599430Z         _ = ScreenTransitionManager()
2025-11-02T01:30:41.5599920Z             ^~~~~~~~~~~~~~~~~~~~~~~
2025-11-02T01:30:41.5601510Z /Users/runner/work/ainotizassistent/ainotizassistent/AINotizassistent/AINotizassistent/AINotizassistentApp.swift:21:13: error: cannot find 'LoadingAnimationManager' in scope
2025-11-02T01:30:41.5603180Z         _ = LoadingAnimationManager()
2025-11-02T01:30:41.5603640Z             ^~~~~~~~~~~~~~~~~~~~~~~
2025-11-02T01:30:41.5605330Z /Users/runner/work/ainotizassistent/ainotizassistent/AINotizassistent/AINotizassistent/ContentView.swift:225:28: error: cannot find type 'Note' in scope
2025-11-02T01:30:41.5607120Z     @Published var notes: [Note] = []
2025-11-02T01:30:41.5607590Z                            ^~~~
2025-11-02T01:30:41.5609200Z /Users/runner/work/ainotizassistent/ainotizassistent/AINotizassistent/AINotizassistent/ContentView.swift:79:21: error: cannot find 'AnimationManager' in scope
2025-11-02T01:30:41.5611660Z                     AnimationManager.shared.hapticManager.playTap()
2025-11-02T01:30:41.5612270Z                     ^~~~~~~~~~~~~~~~
2025-11-02T01:30:41.5613930Z /Users/runner/work/ainotizassistent/ainotizassistent/AINotizassistent/AINotizassistent/ContentView.swift:110:21: error: cannot find 'AnimationManager' in scope
2025-11-02T01:30:41.5615680Z                     AnimationManager.shared.hapticManager.playTap()
2025-11-02T01:30:41.5616250Z                     ^~~~~~~~~~~~~~~~
2025-11-02T01:30:41.5617760Z /Users/runner/work/ainotizassistent/ainotizassistent/AINotizassistent/AINotizassistent/ContentView.swift:136:21: error: cannot find 'AnimationManager' in scope
2025-11-02T01:30:41.5619400Z                     AnimationManager.shared.hapticManager.playTap()
2025-11-02T01:30:41.5619960Z                     ^~~~~~~~~~~~~~~~
2025-11-02T01:30:41.5621480Z /Users/runner/work/ainotizassistent/ainotizassistent/AINotizassistent/AINotizassistent/ContentView.swift:173:33: error: cannot find 'NoteCardView' in scope
2025-11-02T01:30:41.5623030Z                                 NoteCardView(note: note, onDelete: {
2025-11-02T01:30:41.5623570Z                                 ^~~~~~~~~~~~
2025-11-02T01:30:41.5625050Z /Users/runner/work/ainotizassistent/ainotizassistent/AINotizassistent/AINotizassistent/ContentView.swift:175:37: error: cannot find 'AnimationManager' in scope
2025-11-02T01:30:41.5626770Z                                     AnimationManager.shared.hapticManager.playSuccess()
2025-11-02T01:30:41.5627450Z                                     ^~~~~~~~~~~~~~~~
2025-11-02T01:30:41.5629020Z /Users/runner/work/ainotizassistent/ainotizassistent/AINotizassistent/AINotizassistent/ContentView.swift:197:13: error: cannot find 'SettingsView' in scope
2025-11-02T01:30:41.5630660Z             SettingsView()
2025-11-02T01:30:41.5631040Z             ^~~~~~~~~~~~
2025-11-02T01:30:41.5632490Z /Users/runner/work/ainotizassistent/ainotizassistent/AINotizassistent/AINotizassistent/ContentView.swift:201:13: error: cannot find 'AnimationDemoView' in scope
2025-11-02T01:30:41.5634580Z             AnimationDemoView()
2025-11-02T01:30:41.5635160Z             ^~~~~~~~~~~~~~~~~
2025-11-02T01:30:41.5637450Z /Users/runner/work/ainotizassistent/ainotizassistent/AINotizassistent/AINotizassistent/ContentView.swift:240:22: error: cannot find 'AVCaptureDevice' in scope
2025-11-02T01:30:41.5640060Z         let status = AVCaptureDevice.authorizationStatus(for: .audio)
2025-11-02T01:30:41.5640940Z                      ^~~~~~~~~~~~~~~
2025-11-02T01:30:41.5642980Z /Users/runner/work/ainotizassistent/ainotizassistent/AINotizassistent/AINotizassistent/ContentView.swift:240:64: error: cannot infer contextual base in reference to member 'audio'
2025-11-02T01:30:41.5645620Z         let status = AVCaptureDevice.authorizationStatus(for: .audio)
2025-11-02T01:30:41.5646290Z                                                               ~^~~~~
2025-11-02T01:30:41.5647970Z /Users/runner/work/ainotizassistent/ainotizassistent/AINotizassistent/AINotizassistent/ContentView.swift:241:50: error: cannot infer contextual base in reference to member 'authorized'
2025-11-02T01:30:41.5649800Z         microphonePermissionGranted = status == .authorized
2025-11-02T01:30:41.5650380Z                                                 ~^~~~~~~~~~
2025-11-02T01:30:41.5652590Z /Users/runner/work/ainotizassistent/ainotizassistent/AINotizassistent/AINotizassistent/ContentView.swift:243:23: error: cannot infer contextual base in reference to member 'notDetermined'
2025-11-02T01:30:41.5654440Z         if status == .notDetermined {
2025-11-02T01:30:41.5654900Z                      ~^~~~~~~~~~~~~
2025-11-02T01:30:41.5656440Z /Users/runner/work/ainotizassistent/ainotizassistent/AINotizassistent/AINotizassistent/ContentView.swift:244:13: error: cannot find 'AVCaptureDevice' in scope
2025-11-02T01:30:41.5658080Z             AVCaptureDevice.requestAccess(for: .audio) { granted in
2025-11-02T01:30:41.5658700Z             ^~~~~~~~~~~~~~~
2025-11-02T01:30:41.5660840Z /Users/runner/work/ainotizassistent/ainotizassistent/AINotizassistent/AINotizassistent/ContentView.swift:244:49: error: cannot infer contextual base in reference to member 'audio'
2025-11-02T01:30:41.5662610Z             AVCaptureDevice.requestAccess(for: .audio) { granted in
2025-11-02T01:30:41.5663260Z                                                ~^~~~~
2025-11-02T01:30:41.5664760Z /Users/runner/work/ainotizassistent/ainotizassistent/AINotizassistent/AINotizassistent/ContentView.swift:284:24: error: cannot find 'Note' in scope
2025-11-02T01:30:41.5666220Z             let note = Note(
2025-11-02T01:30:41.5666750Z                        ^~~~
2025-11-02T01:30:41.5668410Z /Users/runner/work/ainotizassistent/ainotizassistent/AINotizassistent/AINotizassistent/AppDelegate.swift:122:32: error: cannot find type 'AVAudioRecorder' in scope
2025-11-02T01:30:41.5670070Z     private var audioRecorder: AVAudioRecorder?
2025-11-02T01:30:41.5670590Z                                ^~~~~~~~~~~~~~~
2025-11-02T01:30:41.5672180Z /Users/runner/work/ainotizassistent/ainotizassistent/AINotizassistent/AINotizassistent/AppDelegate.swift:173:26: error: cannot find type 'AVAudioRecorderDelegate' in scope
2025-11-02T01:30:41.5673860Z extension AudioRecorder: AVAudioRecorderDelegate {
2025-11-02T01:30:41.5674430Z                          ^~~~~~~~~~~~~~~~~~~~~~~
2025-11-02T01:30:41.5676160Z /Users/runner/work/ainotizassistent/ainotizassistent/AINotizassistent/AINotizassistent/AppDelegate.swift:174:54: error: cannot find type 'AVAudioRecorder' in scope
2025-11-02T01:30:41.5678300Z     func audioRecorderDidFinishRecording(_ recorder: AVAudioRecorder, successfully flag: Bool) {
2025-11-02T01:30:41.5679670Z                                                      ^~~~~~~~~~~~~~~
2025-11-02T01:30:41.5681950Z /Users/runner/work/ainotizassistent/ainotizassistent/AINotizassistent/AINotizassistent/AppDelegate.swift:41:18: error: cannot assign to property: 'isDetached' is a get-only property
2025-11-02T01:30:41.5684790Z         popover?.isDetached = false
2025-11-02T01:30:41.5685290Z         ~~~~~~~~~^~~~~~~~~~
2025-11-02T01:30:41.5686890Z /Users/runner/work/ainotizassistent/ainotizassistent/AINotizassistent/AINotizassistent/AppDelegate.swift:54:42: error: type 'CGDisplayStream' has no member 'requestScreenCaptureAccess'
2025-11-02T01:30:41.5689430Z             let status = CGDisplayStream.requestScreenCaptureAccess()
2025-11-02T01:30:41.5690110Z                          ~~~~~~~~~~~~~~~ ^~~~~~~~~~~~~~~~~~~~~~~~~~
2025-11-02T01:30:41.5691600Z /Users/runner/work/ainotizassistent/ainotizassistent/AINotizassistent/AINotizassistent/AppDelegate.swift:130:28: error: cannot find 'AVAudioSession' in scope
2025-11-02T01:30:41.5693250Z         let audioSession = AVAudioSession.sharedInstance()
2025-11-02T01:30:41.5693820Z                            ^~~~~~~~~~~~~~
2025-11-02T01:30:41.5695470Z /Users/runner/work/ainotizassistent/ainotizassistent/AINotizassistent/AINotizassistent/AppDelegate.swift:132:43: error: cannot infer contextual base in reference to member 'record'
2025-11-02T01:30:41.5697580Z             try audioSession.setCategory(.record, mode: .default, options: [.defaultToSpeaker])
2025-11-02T01:30:41.5698410Z                                          ~^~~~~~
2025-11-02T01:30:41.5700100Z /Users/runner/work/ainotizassistent/ainotizassistent/AINotizassistent/AINotizassistent/AppDelegate.swift:132:58: error: cannot infer contextual base in reference to member 'default'
2025-11-02T01:30:41.5702080Z             try audioSession.setCategory(.record, mode: .default, options: [.defaultToSpeaker])
2025-11-02T01:30:41.5703010Z                                                         ~^~~~~~~
2025-11-02T01:30:41.5704880Z /Users/runner/work/ainotizassistent/ainotizassistent/AINotizassistent/AINotizassistent/AppDelegate.swift:132:78: error: reference to member 'defaultToSpeaker' cannot be resolved without a contextual type
2025-11-02T01:30:41.5707090Z             try audioSession.setCategory(.record, mode: .default, options: [.defaultToSpeaker])
2025-11-02T01:30:41.5708280Z                                                                              ^
2025-11-02T01:30:41.5709870Z /Users/runner/work/ainotizassistent/ainotizassistent/AINotizassistent/AINotizassistent/AppDelegate.swift:140:17: error: cannot find 'AVFormatIDKey' in scope
2025-11-02T01:30:41.5711760Z                 AVFormatIDKey: Int(kAudioFormatMPEG4AAC),
2025-11-02T01:30:41.5712340Z                 ^~~~~~~~~~~~~
2025-11-02T01:30:41.5714090Z /Users/runner/work/ainotizassistent/ainotizassistent/AINotizassistent/AINotizassistent/AppDelegate.swift:140:36: error: cannot find 'kAudioFormatMPEG4AAC' in scope
2025-11-02T01:30:41.5715810Z                 AVFormatIDKey: Int(kAudioFormatMPEG4AAC),
2025-11-02T01:30:41.5716320Z                                    ^~~~~~~~~~~~~~~~~~~~
2025-11-02T01:30:41.5718640Z /Users/runner/work/ainotizassistent/ainotizassistent/AINotizassistent/AINotizassistent/AppDelegate.swift:141:17: error: cannot find 'AVSampleRateKey' in scope
2025-11-02T01:30:41.5720680Z                 AVSampleRateKey: 44100,
2025-11-02T01:30:41.5721330Z                 ^~~~~~~~~~~~~~~
2025-11-02T01:30:41.5723490Z /Users/runner/work/ainotizassistent/ainotizassistent/AINotizassistent/AINotizassistent/AppDelegate.swift:142:17: error: cannot find 'AVNumberOfChannelsKey' in scope
2025-11-02T01:30:41.5725870Z                 AVNumberOfChannelsKey: 2,
2025-11-02T01:30:41.5726600Z                 ^~~~~~~~~~~~~~~~~~~~~
2025-11-02T01:30:41.5728120Z /Users/runner/work/ainotizassistent/ainotizassistent/AINotizassistent/AINotizassistent/AppDelegate.swift:143:17: error: cannot find 'AVEncoderBitRateKey' in scope
2025-11-02T01:30:41.5729970Z                 AVEncoderBitRateKey: 128000,
2025-11-02T01:30:41.5730470Z                 ^~~~~~~~~~~~~~~~~~~
2025-11-02T01:30:41.5731960Z /Users/runner/work/ainotizassistent/ainotizassistent/AINotizassistent/AINotizassistent/AppDelegate.swift:144:17: error: cannot find 'AVEncoderAudioQualityKey' in scope
2025-11-02T01:30:41.5733810Z                 AVEncoderAudioQualityKey: AVAudioQuality.high.rawValue
2025-11-02T01:30:41.5734410Z                 ^~~~~~~~~~~~~~~~~~~~~~~~
2025-11-02T01:30:41.5735830Z /Users/runner/work/ainotizassistent/ainotizassistent/AINotizassistent/AINotizassistent/AppDelegate.swift:144:43: error: cannot find 'AVAudioQuality' in scope
2025-11-02T01:30:41.5738060Z                 AVEncoderAudioQualityKey: AVAudioQuality.high.rawValue
2025-11-02T01:30:41.5738660Z                                           ^~~~~~~~~~~~~~
2025-11-02T01:30:41.5740140Z /Users/runner/work/ainotizassistent/ainotizassistent/AINotizassistent/AINotizassistent/AppDelegate.swift:147:33: error: cannot find 'AVAudioRecorder' in scope
2025-11-02T01:30:41.5741880Z             audioRecorder = try AVAudioRecorder(url: audioFilename, settings: settings)
2025-11-02T01:30:41.5742580Z                                 ^~~~~~~~~~~~~~~
2025-11-02T01:30:41.5743170Z 
2025-11-02T01:30:41.5747350Z SwiftCompile normal x86_64 Compiling\ AINotizassistentApp.swift,\ ContentView.swift,\ AppDelegate.swift /Users/runner/work/ainotizassistent/ainotizassistent/AINotizassistent/AINotizassistent/AINotizassistentApp.swift /Users/runner/work/ainotizassistent/ainotizassistent/AINotizassistent/AINotizassistent/ContentView.swift /Users/runner/work/ainotizassistent/ainotizassistent/AINotizassistent/AINotizassistent/AppDelegate.swift (in target 'AINotizassistent' from project 'AINotizassistent')
2025-11-02T01:30:41.5753130Z     cd /Users/runner/work/ainotizassistent/ainotizassistent/AINotizassistent
2025-11-02T01:30:41.5839860Z     builtin-swiftTaskExecution -- /Applications/Xcode_15.0.1.app/Contents/Developer/Toolchains/XcodeDefault.xctoolchain/usr/bin/swift-frontend -frontend -c /Users/runner/work/ainotizassistent/ainotizassistent/AINotizassistent/AINotizassistent/AINotizassistentApp.swift /Users/runner/work/ainotizassistent/ainotizassistent/AINotizassistent/AINotizassistent/ContentView.swift /Users/runner/work/ainotizassistent/ainotizassistent/AINotizassistent/AINotizassistent/AppDelegate.swift -supplementary-output-file-map /Users/runner/work/ainotizassistent/ainotizassistent/AINotizassistent/DerivedData/Build/Intermediates.noindex/AINotizassistent.build/Release/AINotizassistent.build/Objects-normal/x86_64/supplementaryOutputs-1 -target x86_64-apple-macos13.0 -enable-objc-interop -stack-check -sdk /Applications/Xcode_15.0.1.app/Contents/Developer/Platforms/MacOSX.platform/Developer/SDKs/MacOSX14.0.sdk -I /Users/runner/work/ainotizassistent/ainotizassistent/AINotizassistent/DerivedData/Build/Products/Release -F /Users/runner/work/ainotizassistent/ainotizassistent/AINotizassistent/DerivedData/Build/Products/Release -no-color-diagnostics -g -module-cache-path /Users/runner/work/ainotizassistent/ainotizassistent/AINotizassistent/DerivedData/ModuleCache.noindex -swift-version 5 -enforce-exclusivity\=checked -O -serialize-debugging-options -const-gather-protocols-file /Users/runner/work/ainotizassistent/ainotizassistent/AINotizassistent/DerivedData/Build/Intermediates.noindex/AINotizassistent.build/Release/AINotizassistent.build/Objects-normal/x86_64/AINotizassistent_const_extract_protocols.json -enable-bare-slash-regex -empty-abi-descriptor -validate-clang-modules-once -clang-build-session-file /Users/runner/work/ainotizassistent/ainotizassistent/AINotizassistent/DerivedData/ModuleCache.noindex/Session.modulevalidation -Xcc -working-directory -Xcc /Users/runner/work/ainotizassistent/ainotizassistent/AINotizassistent -resource-dir /Applications/Xcode_15.0.1.app/Contents/Developer/Toolchains/XcodeDefault.xctoolchain/usr/lib/swift -Xcc -ivfsstatcache -Xcc /Users/runner/work/ainotizassistent/ainotizassistent/AINotizassistent/DerivedData/SDKStatCaches.noindex/macosx14.0-23A334-f3d4ef09583a4130ba186d8a5c250973.sdkstatcache -Xcc -I/Users/runner/work/ainotizassistent/ainotizassistent/AINotizassistent/DerivedData/Build/Intermediates.noindex/AINotizassistent.build/Release/AINotizassistent.build/swift-overrides.hmap -Xcc -iquote -Xcc /Users/runner/work/ainotizassistent/ainotizassistent/AINotizassistent/DerivedData/Build/Intermediates.noindex/AINotizassistent.build/Release/AINotizassistent.build/AINotizassistent-generated-files.hmap -Xcc -I/Users/runner/work/ainotizassistent/ainotizassistent/AINotizassistent/DerivedData/Build/Intermediates.noindex/AINotizassistent.build/Release/AINotizassistent.build/AINotizassistent-own-target-headers.hmap -Xcc -I/Users/runner/work/ainotizassistent/ainotizassistent/AINotizassistent/DerivedData/Build/Intermediates.noindex/AINotizassistent.build/Release/AINotizassistent.build/AINotizassistent-all-target-headers.hmap -Xcc -iquote -Xcc /Users/runner/work/ainotizassistent/ainotizassistent/AINotizassistent/DerivedData/Build/Intermediates.noindex/AINotizassistent.build/Release/AINotizassistent.build/AINotizassistent-project-headers.hmap -Xcc -I/Users/runner/work/ainotizassistent/ainotizassistent/AINotizassistent/DerivedData/Build/Products/Release/include -Xcc -I/Users/runner/work/ainotizassistent/ainotizassistent/AINotizassistent/DerivedData/Build/Intermediates.noindex/AINotizassistent.build/Release/AINotizassistent.build/DerivedSources-normal/x86_64 -Xcc -I/Users/runner/work/ainotizassistent/ainotizassistent/AINotizassistent/DerivedData/Build/Intermediates.noindex/AINotizassistent.build/Release/AINotizassistent.build/DerivedSources/x86_64 -Xcc -I/Users/runner/work/ainotizassistent/ainotizassistent/AINotizassistent/DerivedData/Build/Intermediates.noindex/AINotizassistent.build/Release/AINotizassistent.build/DerivedSources -module-name AINotizassistent -frontend-parseable-output -disable-clang-spi -target-sdk-version 14.0 -target-sdk-name macosx14.0 -external-plugin-path /Applications/Xcode_15.0.1.app/Contents/Developer/Platforms/MacOSX.platform/Developer/SDKs/MacOSX14.0.sdk/usr/lib/swift/host/plugins\#/Applications/Xcode_15.0.1.app/Contents/Developer/Platforms/MacOSX.platform/Developer/SDKs/MacOSX14.0.sdk/usr/bin/swift-plugin-server -external-plugin-path /Applications/Xcode_15.0.1.app/Contents/Developer/Platforms/MacOSX.platform/Developer/SDKs/MacOSX14.0.sdk/usr/local/lib/swift/host/plugins\#/Applications/Xcode_15.0.1.app/Contents/Developer/Platforms/MacOSX.platform/Developer/SDKs/MacOSX14.0.sdk/usr/bin/swift-plugin-server -external-plugin-path /Applications/Xcode_15.0.1.app/Contents/Developer/Platforms/MacOSX.platform/Developer/usr/lib/swift/host/plugins\#/Applications/Xcode_15.0.1.app/Contents/Developer/Platforms/MacOSX.platform/Developer/usr/bin/swift-plugin-server -external-plugin-path /Applications/Xcode_15.0.1.app/Contents/Developer/Platforms/MacOSX.platform/Developer/usr/local/lib/swift/host/plugins\#/Applications/Xcode_15.0.1.app/Contents/Developer/Platforms/MacOSX.platform/Developer/usr/bin/swift-plugin-server -plugin-path /Applications/Xcode_15.0.1.app/Contents/Developer/Toolchains/XcodeDefault.xctoolchain/usr/lib/swift/host/plugins -plugin-path /Applications/Xcode_15.0.1.app/Contents/Developer/Toolchains/XcodeDefault.xctoolchain/usr/local/lib/swift/host/plugins -enable-default-cmo -num-threads 4 -o /Users/runner/work/ainotizassistent/ainotizassistent/AINotizassistent/DerivedData/Build/Intermediates.noindex/AINotizassistent.build/Release/AINotizassistent.build/Objects-normal/x86_64/AINotizassistentApp.o -o /Users/runner/work/ainotizassistent/ainotizassistent/AINotizassistent/DerivedData/Build/Intermediates.noindex/AINotizassistent.build/Release/AINotizassistent.build/Objects-normal/x86_64/ContentView.o -o /Users/runner/work/ainotizassistent/ainotizassistent/AINotizassistent/DerivedData/Build/Intermediates.noindex/AINotizassistent.build/Release/AINotizassistent.build/Objects-normal/x86_64/AppDelegate.o -index-unit-output-path /AINotizassistent.build/Release/AINotizassistent.build/Objects-normal/x86_64/AINotizassistentApp.o -index-unit-output-path /AINotizassistent.build/Release/AINotizassistent.build/Objects-normal/x86_64/ContentView.o -index-unit-output-path /AINotizassistent.build/Release/AINotizassistent.build/Objects-normal/x86_64/AppDelegate.o
2025-11-02T01:30:41.5920740Z 
2025-11-02T01:30:41.5921220Z CompileSwift normal x86_64 (in target 'AINotizassistent' from project 'AINotizassistent')
2025-11-02T01:30:41.5922290Z     cd /Users/runner/work/ainotizassistent/ainotizassistent/AINotizassistent
2025-11-02T01:30:41.5985730Z     /Applications/Xcode_15.0.1.app/Contents/Developer/Toolchains/XcodeDefault.xctoolchain/usr/bin/swift-frontend -c /Users/runner/work/ainotizassistent/ainotizassistent/AINotizassistent/AINotizassistent/AINotizassistentApp.swift /Users/runner/work/ainotizassistent/ainotizassistent/AINotizassistent/AINotizassistent/ContentView.swift /Users/runner/work/ainotizassistent/ainotizassistent/AINotizassistent/AINotizassistent/AppDelegate.swift -supplementary-output-file-map /Users/runner/work/ainotizassistent/ainotizassistent/AINotizassistent/DerivedData/Build/Intermediates.noindex/AINotizassistent.build/Release/AINotizassistent.build/Objects-normal/x86_64/supplementaryOutputs-1 -target x86_64-apple-macos13.0 -enable-objc-interop -stack-check -sdk /Applications/Xcode_15.0.1.app/Contents/Developer/Platforms/MacOSX.platform/Developer/SDKs/MacOSX14.0.sdk -I /Users/runner/work/ainotizassistent/ainotizassistent/AINotizassistent/DerivedData/Build/Products/Release -F /Users/runner/work/ainotizassistent/ainotizassistent/AINotizassistent/DerivedData/Build/Products/Release -no-color-diagnostics -g -module-cache-path /Users/runner/work/ainotizassistent/ainotizassistent/AINotizassistent/DerivedData/ModuleCache.noindex -swift-version 5 -enforce-exclusivity\=checked -O -serialize-debugging-options -const-gather-protocols-file /Users/runner/work/ainotizassistent/ainotizassistent/AINotizassistent/DerivedData/Build/Intermediates.noindex/AINotizassistent.build/Release/AINotizassistent.build/Objects-normal/x86_64/AINotizassistent_const_extract_protocols.json -enable-bare-slash-regex -empty-abi-descriptor -validate-clang-modules-once -clang-build-session-file /Users/runner/work/ainotizassistent/ainotizassistent/AINotizassistent/DerivedData/ModuleCache.noindex/Session.modulevalidation -Xcc -working-directory -Xcc /Users/runner/work/ainotizassistent/ainotizassistent/AINotizassistent -resource-dir /Applications/Xcode_15.0.1.app/Contents/Developer/Toolchains/XcodeDefault.xctoolchain/usr/lib/swift -Xcc -ivfsstatcache -Xcc /Users/runner/work/ainotizassistent/ainotizassistent/AINotizassistent/DerivedData/SDKStatCaches.noindex/macosx14.0-23A334-f3d4ef09583a4130ba186d8a5c250973.sdkstatcache -Xcc -I/Users/runner/work/ainotizassistent/ainotizassistent/AINotizassistent/DerivedData/Build/Intermediates.noindex/AINotizassistent.build/Release/AINotizassistent.build/swift-overrides.hmap -Xcc -iquote -Xcc /Users/runner/work/ainotizassistent/ainotizassistent/AINotizassistent/DerivedData/Build/Intermediates.noindex/AINotizassistent.build/Release/AINotizassistent.build/AINotizassistent-generated-files.hmap -Xcc -I/Users/runner/work/ainotizassistent/ainotizassistent/AINotizassistent/DerivedData/Build/Intermediates.noindex/AINotizassistent.build/Release/AINotizassistent.build/AINotizassistent-own-target-headers.hmap -Xcc -I/Users/runner/work/ainotizassistent/ainotizassistent/AINotizassistent/DerivedData/Build/Intermediates.noindex/AINotizassistent.build/Release/AINotizassistent.build/AINotizassistent-all-target-headers.hmap -Xcc -iquote -Xcc /Users/runner/work/ainotizassistent/ainotizassistent/AINotizassistent/DerivedData/Build/Intermediates.noindex/AINotizassistent.build/Release/AINotizassistent.build/AINotizassistent-project-headers.hmap -Xcc -I/Users/runner/work/ainotizassistent/ainotizassistent/AINotizassistent/DerivedData/Build/Products/Release/include -Xcc -I/Users/runner/work/ainotizassistent/ainotizassistent/AINotizassistent/DerivedData/Build/Intermediates.noindex/AINotizassistent.build/Release/AINotizassistent.build/DerivedSources-normal/x86_64 -Xcc -I/Users/runner/work/ainotizassistent/ainotizassistent/AINotizassistent/DerivedData/Build/Intermediates.noindex/AINotizassistent.build/Release/AINotizassistent.build/DerivedSources/x86_64 -Xcc -I/Users/runner/work/ainotizassistent/ainotizassistent/AINotizassistent/DerivedData/Build/Intermediates.noindex/AINotizassistent.build/Release/AINotizassistent.build/DerivedSources -module-name AINotizassistent -frontend-parseable-output -disable-clang-spi -target-sdk-version 14.0 -target-sdk-name macosx14.0 -external-plugin-path /Applications/Xcode_15.0.1.app/Contents/Developer/Platforms/MacOSX.platform/Developer/SDKs/MacOSX14.0.sdk/usr/lib/swift/host/plugins\#/Applications/Xcode_15.0.1.app/Contents/Developer/Platforms/MacOSX.platform/Developer/SDKs/MacOSX14.0.sdk/usr/bin/swift-plugin-server -external-plugin-path /Applications/Xcode_15.0.1.app/Contents/Developer/Platforms/MacOSX.platform/Developer/SDKs/MacOSX14.0.sdk/usr/local/lib/swift/host/plugins\#/Applications/Xcode_15.0.1.app/Contents/Developer/Platforms/MacOSX.platform/Developer/SDKs/MacOSX14.0.sdk/usr/bin/swift-plugin-server -external-plugin-path /Applications/Xcode_15.0.1.app/Contents/Developer/Platforms/MacOSX.platform/Developer/usr/lib/swift/host/plugins\#/Applications/Xcode_15.0.1.app/Contents/Developer/Platforms/MacOSX.platform/Developer/usr/bin/swift-plugin-server -external-plugin-path /Applications/Xcode_15.0.1.app/Contents/Developer/Platforms/MacOSX.platform/Developer/usr/local/lib/swift/host/plugins\#/Applications/Xcode_15.0.1.app/Contents/Developer/Platforms/MacOSX.platform/Developer/usr/bin/swift-plugin-server -plugin-path /Applications/Xcode_15.0.1.app/Contents/Developer/Toolchains/XcodeDefault.xctoolchain/usr/lib/swift/host/plugins -plugin-path /Applications/Xcode_15.0.1.app/Contents/Developer/Toolchains/XcodeDefault.xctoolchain/usr/local/lib/swift/host/plugins -enable-default-cmo -num-threads 4 -o /Users/runner/work/ainotizassistent/ainotizassistent/AINotizassistent/DerivedData/Build/Intermediates.noindex/AINotizassistent.build/Release/AINotizassistent.build/Objects-normal/x86_64/AINotizassistentApp.o -o /Users/runner/work/ainotizassistent/ainotizassistent/AINotizassistent/DerivedData/Build/Intermediates.noindex/AINotizassistent.build/Release/AINotizassistent.build/Objects-normal/x86_64/ContentView.o -o /Users/runner/work/ainotizassistent/ainotizassistent/AINotizassistent/DerivedData/Build/Intermediates.noindex/AINotizassistent.build/Release/AINotizassistent.build/Objects-normal/x86_64/AppDelegate.o -index-unit-output-path /AINotizassistent.build/Release/AINotizassistent.build/Objects-normal/x86_64/AINotizassistentApp.o -index-unit-output-path /AINotizassistent.build/Release/AINotizassistent.build/Objects-normal/x86_64/ContentView.o -index-unit-output-path /AINotizassistent.build/Release/AINotizassistent.build/Objects-normal/x86_64/AppDelegate.o
2025-11-02T01:30:41.6043100Z /Users/runner/work/ainotizassistent/ainotizassistent/AINotizassistent/AINotizassistent/AINotizassistentApp.swift:18:13: error: cannot find 'AnimationManager' in scope
2025-11-02T01:30:41.6044720Z         _ = AnimationManager.shared
2025-11-02T01:30:41.6045120Z             ^~~~~~~~~~~~~~~~
2025-11-02T01:30:41.6046640Z /Users/runner/work/ainotizassistent/ainotizassistent/AINotizassistent/AINotizassistent/AINotizassistentApp.swift:19:13: error: cannot find 'MicroInteractionManager' in scope
2025-11-02T01:30:41.6048260Z         _ = MicroInteractionManager()
2025-11-02T01:30:41.6048680Z             ^~~~~~~~~~~~~~~~~~~~~~~
2025-11-02T01:30:41.6050250Z /Users/runner/work/ainotizassistent/ainotizassistent/AINotizassistent/AINotizassistent/AINotizassistentApp.swift:20:13: error: cannot find 'ScreenTransitionManager' in scope
2025-11-02T01:30:41.6051960Z         _ = ScreenTransitionManager()
2025-11-02T01:30:41.6052400Z             ^~~~~~~~~~~~~~~~~~~~~~~
2025-11-02T01:30:41.6054100Z /Users/runner/work/ainotizassistent/ainotizassistent/AINotizassistent/AINotizassistent/AINotizassistentApp.swift:21:13: error: cannot find 'LoadingAnimationManager' in scope
2025-11-02T01:30:41.6055720Z         _ = LoadingAnimationManager()
2025-11-02T01:30:41.6056140Z             ^~~~~~~~~~~~~~~~~~~~~~~
2025-11-02T01:30:41.6057500Z /Users/runner/work/ainotizassistent/ainotizassistent/AINotizassistent/AINotizassistent/ContentView.swift:225:28: error: cannot find type 'Note' in scope
2025-11-02T01:30:41.6058940Z     @Published var notes: [Note] = []
2025-11-02T01:30:41.6059360Z                            ^~~~
2025-11-02T01:30:41.6060750Z /Users/runner/work/ainotizassistent/ainotizassistent/AINotizassistent/AINotizassistent/ContentView.swift:79:21: error: cannot find 'AnimationManager' in scope
2025-11-02T01:30:41.6062320Z                     AnimationManager.shared.hapticManager.playTap()
2025-11-02T01:30:41.6062860Z                     ^~~~~~~~~~~~~~~~
2025-11-02T01:30:41.6064940Z /Users/runner/work/ainotizassistent/ainotizassistent/AINotizassistent/AINotizassistent/ContentView.swift:110:21: error: cannot find 'AnimationManager' in scope
2025-11-02T01:30:41.6067040Z                     AnimationManager.shared.hapticManager.playTap()
2025-11-02T01:30:41.6067600Z                     ^~~~~~~~~~~~~~~~
2025-11-02T01:30:41.6069080Z /Users/runner/work/ainotizassistent/ainotizassistent/AINotizassistent/AINotizassistent/ContentView.swift:136:21: error: cannot find 'AnimationManager' in scope
2025-11-02T01:30:41.6070780Z                     AnimationManager.shared.hapticManager.playTap()
2025-11-02T01:30:41.6078150Z                     ^~~~~~~~~~~~~~~~
2025-11-02T01:30:41.6081600Z /Users/runner/work/ainotizassistent/ainotizassistent/AINotizassistent/AINotizassistent/ContentView.swift:173:33: error: cannot find 'NoteCardView' in scope
2025-11-02T01:30:41.6083220Z                                 NoteCardView(note: note, onDelete: {
2025-11-02T01:30:41.6083700Z                                 ^~~~~~~~~~~~
2025-11-02T01:30:41.6085310Z /Users/runner/work/ainotizassistent/ainotizassistent/AINotizassistent/AINotizassistent/ContentView.swift:175:37: error: cannot find 'AnimationManager' in scope
2025-11-02T01:30:41.6086950Z                                     AnimationManager.shared.hapticManager.playSuccess()
2025-11-02T01:30:41.6087530Z                                     ^~~~~~~~~~~~~~~~
2025-11-02T01:30:41.6088990Z /Users/runner/work/ainotizassistent/ainotizassistent/AINotizassistent/AINotizassistent/ContentView.swift:197:13: error: cannot find 'SettingsView' in scope
2025-11-02T01:30:41.6090430Z             SettingsView()
2025-11-02T01:30:41.6091190Z             ^~~~~~~~~~~~
2025-11-02T01:30:41.6092590Z /Users/runner/work/ainotizassistent/ainotizassistent/AINotizassistent/AINotizassistent/ContentView.swift:201:13: error: cannot find 'AnimationDemoView' in scope
2025-11-02T01:30:41.6094080Z             AnimationDemoView()
2025-11-02T01:30:41.6094550Z             ^~~~~~~~~~~~~~~~~
2025-11-02T01:30:41.6096080Z /Users/runner/work/ainotizassistent/ainotizassistent/AINotizassistent/AINotizassistent/ContentView.swift:240:22: error: cannot find 'AVCaptureDevice' in scope
2025-11-02T01:30:41.6097860Z         let status = AVCaptureDevice.authorizationStatus(for: .audio)
2025-11-02T01:30:41.6098780Z                      ^~~~~~~~~~~~~~~
2025-11-02T01:30:41.6101180Z /Users/runner/work/ainotizassistent/ainotizassistent/AINotizassistent/AINotizassistent/ContentView.swift:240:64: error: cannot infer contextual base in reference to member 'audio'
2025-11-02T01:30:41.6103860Z         let status = AVCaptureDevice.authorizationStatus(for: .audio)
2025-11-02T01:30:41.6104890Z                                                               ~^~~~~
2025-11-02T01:30:41.6106790Z /Users/runner/work/ainotizassistent/ainotizassistent/AINotizassistent/AINotizassistent/ContentView.swift:241:50: error: cannot infer contextual base in reference to member 'authorized'
2025-11-02T01:30:41.6171660Z         microphonePermissionGranted = status == .authorized
2025-11-02T01:30:41.6173110Z                                                 ~^~~~~~~~~~
2025-11-02T01:30:41.6175910Z /Users/runner/work/ainotizassistent/ainotizassistent/AINotizassistent/AINotizassistent/ContentView.swift:243:23: error: cannot infer contextual base in reference to member 'notDetermined'
2025-11-02T01:30:41.6178310Z         if status == .notDetermined {
2025-11-02T01:30:41.6178810Z                      ~^~~~~~~~~~~~~
2025-11-02T01:30:41.6181960Z /Users/runner/work/ainotizassistent/ainotizassistent/AINotizassistent/AINotizassistent/ContentView.swift:244:13: error: cannot find 'AVCaptureDevice' in scope
2025-11-02T01:30:41.6183630Z             AVCaptureDevice.requestAccess(for: .audio) { granted in
2025-11-02T01:30:41.6184390Z             ^~~~~~~~~~~~~~~
2025-11-02T01:30:41.6186070Z /Users/runner/work/ainotizassistent/ainotizassistent/AINotizassistent/AINotizassistent/ContentView.swift:244:49: error: cannot infer contextual base in reference to member 'audio'
2025-11-02T01:30:41.6188630Z             AVCaptureDevice.requestAccess(for: .audio) { granted in
2025-11-02T01:30:41.6189230Z                                                ~^~~~~
2025-11-02T01:30:41.6190790Z /Users/runner/work/ainotizassistent/ainotizassistent/AINotizassistent/AINotizassistent/ContentView.swift:284:24: error: cannot find 'Note' in scope
2025-11-02T01:30:41.6192210Z             let note = Note(
2025-11-02T01:30:41.6192560Z                        ^~~~
2025-11-02T01:30:41.6194770Z /Users/runner/work/ainotizassistent/ainotizassistent/AINotizassistent/AINotizassistent/AppDelegate.swift:122:32: error: cannot find type 'AVAudioRecorder' in scope
2025-11-02T01:30:41.6196630Z     private var audioRecorder: AVAudioRecorder?
2025-11-02T01:30:41.6197150Z                                ^~~~~~~~~~~~~~~
2025-11-02T01:30:41.6198680Z /Users/runner/work/ainotizassistent/ainotizassistent/AINotizassistent/AINotizassistent/AppDelegate.swift:173:26: error: cannot find type 'AVAudioRecorderDelegate' in scope
2025-11-02T01:30:41.6200330Z extension AudioRecorder: AVAudioRecorderDelegate {
2025-11-02T01:30:41.6200850Z                          ^~~~~~~~~~~~~~~~~~~~~~~
2025-11-02T01:30:41.6202870Z /Users/runner/work/ainotizassistent/ainotizassistent/AINotizassistent/AINotizassistent/AppDelegate.swift:174:54: error: cannot find type 'AVAudioRecorder' in scope
2025-11-02T01:30:41.6205640Z     func audioRecorderDidFinishRecording(_ recorder: AVAudioRecorder, successfully flag: Bool) {
2025-11-02T01:30:41.6207010Z                                                      ^~~~~~~~~~~~~~~
2025-11-02T01:30:41.6209020Z /Users/runner/work/ainotizassistent/ainotizassistent/AINotizassistent/AINotizassistent/AppDelegate.swift:41:18: error: cannot assign to property: 'isDetached' is a get-only property
2025-11-02T01:30:41.6211170Z         popover?.isDetached = false
2025-11-02T01:30:41.6211570Z         ~~~~~~~~~^~~~~~~~~~
2025-11-02T01:30:41.6213160Z /Users/runner/work/ainotizassistent/ainotizassistent/AINotizassistent/AINotizassistent/AppDelegate.swift:54:42: error: type 'CGDisplayStream' has no member 'requestScreenCaptureAccess'
2025-11-02T01:30:41.6214970Z             let status = CGDisplayStream.requestScreenCaptureAccess()
2025-11-02T01:30:41.6215560Z                          ~~~~~~~~~~~~~~~ ^~~~~~~~~~~~~~~~~~~~~~~~~~
2025-11-02T01:30:41.6217030Z /Users/runner/work/ainotizassistent/ainotizassistent/AINotizassistent/AINotizassistent/AppDelegate.swift:130:28: error: cannot find 'AVAudioSession' in scope
2025-11-02T01:30:41.6218580Z         let audioSession = AVAudioSession.sharedInstance()
2025-11-02T01:30:41.6219110Z                            ^~~~~~~~~~~~~~
2025-11-02T01:30:41.6220820Z /Users/runner/work/ainotizassistent/ainotizassistent/AINotizassistent/AINotizassistent/AppDelegate.swift:132:43: error: cannot infer contextual base in reference to member 'record'
2025-11-02T01:30:41.6222790Z             try audioSession.setCategory(.record, mode: .default, options: [.defaultToSpeaker])
2025-11-02T01:30:41.6223570Z                                          ~^~~~~~
2025-11-02T01:30:41.6225200Z /Users/runner/work/ainotizassistent/ainotizassistent/AINotizassistent/AINotizassistent/AppDelegate.swift:132:58: error: cannot infer contextual base in reference to member 'default'
2025-11-02T01:30:41.6227170Z             try audioSession.setCategory(.record, mode: .default, options: [.defaultToSpeaker])
2025-11-02T01:30:41.6228210Z                                                         ~^~~~~~~
2025-11-02T01:30:41.6230140Z /Users/runner/work/ainotizassistent/ainotizassistent/AINotizassistent/AINotizassistent/AppDelegate.swift:132:78: error: reference to member 'defaultToSpeaker' cannot be resolved without a contextual type
2025-11-02T01:30:41.6232270Z             try audioSession.setCategory(.record, mode: .default, options: [.defaultToSpeaker])
2025-11-02T01:30:41.6233030Z                                                                              ^
2025-11-02T01:30:41.6234910Z /Users/runner/work/ainotizassistent/ainotizassistent/AINotizassistent/AINotizassistent/AppDelegate.swift:140:17: error: cannot find 'AVFormatIDKey' in scope
2025-11-02T01:30:41.6236560Z                 AVFormatIDKey: Int(kAudioFormatMPEG4AAC),
2025-11-02T01:30:41.6237110Z                 ^~~~~~~~~~~~~
2025-11-02T01:30:41.6238940Z /Users/runner/work/ainotizassistent/ainotizassistent/AINotizassistent/AINotizassistent/AppDelegate.swift:140:36: error: cannot find 'kAudioFormatMPEG4AAC' in scope
2025-11-02T01:30:41.6240620Z                 AVFormatIDKey: Int(kAudioFormatMPEG4AAC),
2025-11-02T01:30:41.6241130Z                                    ^~~~~~~~~~~~~~~~~~~~
2025-11-02T01:30:41.6242600Z /Users/runner/work/ainotizassistent/ainotizassistent/AINotizassistent/AINotizassistent/AppDelegate.swift:141:17: error: cannot find 'AVSampleRateKey' in scope
2025-11-02T01:30:41.6244240Z                 AVSampleRateKey: 44100,
2025-11-02T01:30:41.6244660Z                 ^~~~~~~~~~~~~~~
2025-11-02T01:30:41.6246460Z /Users/runner/work/ainotizassistent/ainotizassistent/AINotizassistent/AINotizassistent/AppDelegate.swift:142:17: error: cannot find 'AVNumberOfChannelsKey' in scope
2025-11-02T01:30:41.6248210Z                 AVNumberOfChannelsKey: 2,
2025-11-02T01:30:41.6248650Z                 ^~~~~~~~~~~~~~~~~~~~~
2025-11-02T01:30:41.6250080Z /Users/runner/work/ainotizassistent/ainotizassistent/AINotizassistent/AINotizassistent/AppDelegate.swift:143:17: error: cannot find 'AVEncoderBitRateKey' in scope
2025-11-02T01:30:41.6251750Z                 AVEncoderBitRateKey: 128000,
2025-11-02T01:30:41.6252180Z                 ^~~~~~~~~~~~~~~~~~~
2025-11-02T01:30:41.6253660Z /Users/runner/work/ainotizassistent/ainotizassistent/AINotizassistent/AINotizassistent/AppDelegate.swift:144:17: error: cannot find 'AVEncoderAudioQualityKey' in scope
2025-11-02T01:30:41.6255700Z                 AVEncoderAudioQualityKey: AVAudioQuality.high.rawValue
2025-11-02T01:30:41.6256260Z                 ^~~~~~~~~~~~~~~~~~~~~~~~
2025-11-02T01:30:41.6258100Z /Users/runner/work/ainotizassistent/ainotizassistent/AINotizassistent/AINotizassistent/AppDelegate.swift:144:43: error: cannot find 'AVAudioQuality' in scope
2025-11-02T01:30:41.6260280Z                 AVEncoderAudioQualityKey: AVAudioQuality.high.rawValue
2025-11-02T01:30:41.6261100Z                                           ^~~~~~~~~~~~~~
2025-11-02T01:30:41.6263970Z /Users/runner/work/ainotizassistent/ainotizassistent/AINotizassistent/AINotizassistent/AppDelegate.swift:147:33: error: cannot find 'AVAudioRecorder' in scope
2025-11-02T01:30:41.6265830Z             audioRecorder = try AVAudioRecorder(url: audioFilename, settings: settings)
2025-11-02T01:30:41.6266540Z                                 ^~~~~~~~~~~~~~~
2025-11-02T01:30:41.6266850Z 
2025-11-02T01:30:41.6267040Z ** BUILD FAILED **
2025-11-02T01:30:41.6267230Z 
2025-11-02T01:30:41.6267240Z 
2025-11-02T01:30:41.6267380Z The following build commands failed:
2025-11-02T01:30:41.6268260Z 	CompileSwift normal arm64 (in target 'AINotizassistent' from project 'AINotizassistent')
2025-11-02T01:30:41.6273180Z 	SwiftCompile normal arm64 Compiling\ AINotizassistentApp.swift,\ ContentView.swift,\ AppDelegate.swift /Users/runner/work/ainotizassistent/ainotizassistent/AINotizassistent/AINotizassistent/AINotizassistentApp.swift /Users/runner/work/ainotizassistent/ainotizassistent/AINotizassistent/AINotizassistent/ContentView.swift /Users/runner/work/ainotizassistent/ainotizassistent/AINotizassistent/AINotizassistent/AppDelegate.swift (in target 'AINotizassistent' from project 'AINotizassistent')
2025-11-02T01:30:41.6282490Z 	SwiftCompile normal x86_64 Compiling\ AINotizassistentApp.swift,\ ContentView.swift,\ AppDelegate.swift /Users/runner/work/ainotizassistent/ainotizassistent/AINotizassistent/AINotizassistent/AINotizassistentApp.swift /Users/runner/work/ainotizassistent/ainotizassistent/AINotizassistent/AINotizassistent/ContentView.swift /Users/runner/work/ainotizassistent/ainotizassistent/AINotizassistent/AINotizassistent/AppDelegate.swift (in target 'AINotizassistent' from project 'AINotizassistent')
2025-11-02T01:30:41.6287650Z 	CompileSwift normal x86_64 (in target 'AINotizassistent' from project 'AINotizassistent')
2025-11-02T01:30:41.6288490Z (4 failures)
2025-11-02T01:30:41.6304690Z ##[error]Process completed with exit code 65.
2025-11-02T01:30:41.6470700Z Post job cleanup.
2025-11-02T01:30:41.8404320Z [command]/usr/local/bin/git version
2025-11-02T01:30:41.8495480Z git version 2.50.1
2025-11-02T01:30:41.8544320Z Copying '/Users/runner/.gitconfig' to '/Users/runner/work/_temp/3034e729-029a-414b-92cf-13f256491ec8/.gitconfig'
2025-11-02T01:30:41.8566890Z Temporarily overriding HOME='/Users/runner/work/_temp/3034e729-029a-414b-92cf-13f256491ec8' before making global git config changes
2025-11-02T01:30:41.8575170Z Adding repository directory to the temporary git global config as a safe directory
2025-11-02T01:30:41.8579100Z [command]/usr/local/bin/git config --global --add safe.directory /Users/runner/work/ainotizassistent/ainotizassistent
2025-11-02T01:30:41.8669030Z [command]/usr/local/bin/git config --local --name-only --get-regexp core\.sshCommand
2025-11-02T01:30:41.8869960Z [command]/usr/local/bin/git submodule foreach --recursive sh -c "git config --local --name-only --get-regexp 'core\.sshCommand' && git config --local --unset-all 'core.sshCommand' || :"
2025-11-02T01:30:41.9954020Z [command]/usr/local/bin/git config --local --name-only --get-regexp http\.https\:\/\/github\.com\/\.extraheader
2025-11-02T01:30:42.0024810Z http.https://github.com/.extraheader
2025-11-02T01:30:42.0042860Z [command]/usr/local/bin/git config --local --unset-all http.https://github.com/.extraheader
2025-11-02T01:30:42.0126350Z [command]/usr/local/bin/git submodule foreach --recursive sh -c "git config --local --name-only --get-regexp 'http\.https\:\/\/github\.com\/\.extraheader' && git config --local --unset-all 'http.https://github.com/.extraheader' || :"
2025-11-02T01:30:42.1538160Z Cleaning up orphan processes
